Component: ARM Compiler 5.05 update 1 (build 106) Tool: armlink [4d0efa]

==============================================================================

Section Cross References

    main.o(.text) refers to _printf_percent.o(.ARM.Collect$$_printf_percent$$00000000) for _printf_percent
    main.o(.text) refers to _printf_d.o(.ARM.Collect$$_printf_percent$$00000009) for _printf_d
    main.o(.text) refers to _printf_dec.o(.text) for _printf_int_dec
    main.o(.text) refers to _printf_x.o(.ARM.Collect$$_printf_percent$$0000000C) for _printf_x
    main.o(.text) refers to _printf_hex_int.o(.text) for _printf_longlong_hex
    main.o(.text) refers to usart1.o(.text) for USART1_write
    main.o(.text) refers to delay.o(.text) for Delay_Init
    main.o(.text) refers to led.o(.text) for LED_Init
    main.o(.text) refers to key.o(.text) for KEY_EXTI_Init
    main.o(.text) refers to adc1.o(.text) for ADC1_DMA_Init
    main.o(.text) refers to noretval__2printf.o(.text) for __2printf
    main.o(.text) refers to stm32f0xx_gpio.o(.text) for GPIO_ReadInputDataBit
    main.o(.text) refers to adc1.o(.data) for RegularConvData_Tab
    stm32f0xx_gpio.o(.text) refers to stm32f0xx_rcc.o(.text) for RCC_AHBPeriphResetCmd
    stm32f0xx_rcc.o(.text) refers to aeabi_sdiv.o(.text) for __aeabi_uidivmod
    stm32f0xx_rcc.o(.text) refers to stm32f0xx_rcc.o(.data) for APBAHBPrescTable
    stm32f0xx_adc.o(.text) refers to stm32f0xx_rcc.o(.text) for RCC_APB2PeriphResetCmd
    stm32f0xx_usart.o(.text) refers to stm32f0xx_rcc.o(.text) for RCC_APB2PeriphResetCmd
    stm32f0xx_usart.o(.text) refers to aeabi_sdiv.o(.text) for __aeabi_uidivmod
    led.o(.text) refers to stm32f0xx_rcc.o(.text) for RCC_AHBPeriphClockCmd
    led.o(.text) refers to stm32f0xx_gpio.o(.text) for GPIO_Init
    delay.o(.text) refers to delay.o(.data) for fac_ms
    usart1.o(.rev16_text) refers (Special) to use_no_semi_2.o(.text) for __use_no_semihosting
    usart1.o(.revsh_text) refers (Special) to use_no_semi_2.o(.text) for __use_no_semihosting
    usart1.o(.text) refers (Special) to use_no_semi_2.o(.text) for __use_no_semihosting
    usart1.o(.text) refers to stm32f0xx_rcc.o(.text) for RCC_AHBPeriphClockCmd
    usart1.o(.text) refers to stm32f0xx_gpio.o(.text) for GPIO_PinAFConfig
    usart1.o(.text) refers to stm32f0xx_usart.o(.text) for USART_Init
    usart1.o(.text) refers to stm32f0xx_misc.o(.text) for NVIC_Init
    usart1.o(.text) refers to usart1.o(.data) for input_callback
    usart1.o(.data) refers (Special) to use_no_semi_2.o(.text) for __use_no_semihosting
    key.o(.text) refers to stm32f0xx_rcc.o(.text) for RCC_AHBPeriphClockCmd
    key.o(.text) refers to stm32f0xx_gpio.o(.text) for GPIO_Init
    key.o(.text) refers to stm32f0xx_syscfg.o(.text) for SYSCFG_EXTILineConfig
    key.o(.text) refers to stm32f0xx_exti.o(.text) for EXTI_ClearITPendingBit
    key.o(.text) refers to stm32f0xx_misc.o(.text) for NVIC_Init
    key.o(.text) refers to noretval__2printf.o(.text) for __2printf
    adc1.o(.text) refers to stm32f0xx_rcc.o(.text) for RCC_AHBPeriphClockCmd
    adc1.o(.text) refers to stm32f0xx_gpio.o(.text) for GPIO_Init
    adc1.o(.text) refers to stm32f0xx_adc.o(.text) for ADC_DeInit
    adc1.o(.text) refers to stm32f0xx_dma.o(.text) for DMA_DeInit
    adc1.o(.text) refers to adc1.o(.data) for RegularConvData_Tab
    startup_stm32f0xx_ld.o(STACK) refers (Special) to heapauxi.o(.text) for __use_two_region_memory
    startup_stm32f0xx_ld.o(HEAP) refers (Special) to heapauxi.o(.text) for __use_two_region_memory
    startup_stm32f0xx_ld.o(RESET) refers (Special) to heapauxi.o(.text) for __use_two_region_memory
    startup_stm32f0xx_ld.o(RESET) refers to startup_stm32f0xx_ld.o(STACK) for __initial_sp
    startup_stm32f0xx_ld.o(RESET) refers to startup_stm32f0xx_ld.o(.text) for Reset_Handler
    startup_stm32f0xx_ld.o(RESET) refers to key.o(.text) for EXTI4_15_IRQHandler
    startup_stm32f0xx_ld.o(RESET) refers to usart1.o(.text) for USART1_IRQHandler
    startup_stm32f0xx_ld.o(.text) refers (Special) to heapauxi.o(.text) for __use_two_region_memory
    startup_stm32f0xx_ld.o(.text) refers to system_stm32f0xx.o(.text) for SystemInit
    startup_stm32f0xx_ld.o(.text) refers to __main.o(!!!main) for __main
    startup_stm32f0xx_ld.o(.text) refers to startup_stm32f0xx_ld.o(HEAP) for Heap_Mem
    startup_stm32f0xx_ld.o(.text) refers to startup_stm32f0xx_ld.o(STACK) for Stack_Mem
    system_stm32f0xx.o(.text) refers to aeabi_sdiv.o(.text) for __aeabi_uidivmod
    system_stm32f0xx.o(.text) refers to system_stm32f0xx.o(.data) for SystemCoreClock
    use_no_semi_2.o(.text) refers (Special) to use_no_semi.o(.text) for __use_no_semihosting_swi
    __2printf.o(.text) refers to _printf_char_file.o(.text) for _printf_char_file
    __2printf.o(.text) refers to usart1.o(.data) for __stdout
    noretval__2printf.o(.text) refers to _printf_char_file.o(.text) for _printf_char_file
    noretval__2printf.o(.text) refers to usart1.o(.data) for __stdout
    __printf.o(.text) refers to _printf_percent.o(.ARM.Collect$$_printf_percent$$00000000) for _printf_percent
    _printf_dec.o(.text) refers to rtudiv10.o(.text) for __rt_udiv10
    _printf_dec.o(.text) refers to _printf_intcommon.o(.text) for _printf_int_common
    _printf_hex_ll.o(.text) refers to _printf_intcommon.o(.text) for _printf_int_common
    _printf_hex_ll.o(.text) refers to _printf_hex_ll.o(.constdata) for .constdata
    _printf_hex_int.o(.text) refers to _printf_intcommon.o(.text) for _printf_int_common
    _printf_hex_int.o(.text) refers to _printf_hex_int.o(.constdata) for .constdata
    _printf_hex_int_ll.o(.text) refers to _printf_intcommon.o(.text) for _printf_int_common
    _printf_hex_int_ll.o(.text) refers to _printf_hex_int_ll.o(.constdata) for .constdata
    _printf_hex_ptr.o(.text) refers to _printf_intcommon.o(.text) for _printf_int_common
    _printf_hex_ptr.o(.text) refers to _printf_hex_ptr.o(.constdata) for .constdata
    _printf_hex_int_ptr.o(.text) refers to _printf_intcommon.o(.text) for _printf_int_common
    _printf_hex_int_ptr.o(.text) refers to _printf_hex_int_ptr.o(.constdata) for .constdata
    _printf_hex_ll_ptr.o(.text) refers to _printf_intcommon.o(.text) for _printf_int_common
    _printf_hex_ll_ptr.o(.text) refers to _printf_hex_ll_ptr.o(.constdata) for .constdata
    _printf_hex_int_ll_ptr.o(.text) refers to _printf_intcommon.o(.text) for _printf_int_common
    _printf_hex_int_ll_ptr.o(.text) refers to _printf_hex_int_ll_ptr.o(.constdata) for .constdata
    __printf_flags.o(.text) refers to _printf_percent.o(.ARM.Collect$$_printf_percent$$00000000) for _printf_percent
    __printf_flags.o(.text) refers to __printf_flags.o(.constdata) for .constdata
    __printf_ss.o(.text) refers to _printf_percent.o(.ARM.Collect$$_printf_percent$$00000000) for _printf_percent
    __printf_flags_ss.o(.text) refers to _printf_percent.o(.ARM.Collect$$_printf_percent$$00000000) for _printf_percent
    __printf_flags_ss.o(.text) refers to __printf_flags_ss.o(.constdata) for .constdata
    __printf_wp.o(.text) refers to __printf_wp.o(i._is_digit) for _is_digit
    __printf_wp.o(.text) refers to _printf_percent.o(.ARM.Collect$$_printf_percent$$00000000) for _printf_percent
    __printf_flags_wp.o(.text) refers to __printf_wp.o(i._is_digit) for _is_digit
    __printf_flags_wp.o(.text) refers to _printf_percent.o(.ARM.Collect$$_printf_percent$$00000000) for _printf_percent
    __printf_flags_wp.o(.text) refers to __printf_flags_wp.o(.constdata) for .constdata
    __printf_ss_wp.o(.text) refers to __printf_wp.o(i._is_digit) for _is_digit
    __printf_ss_wp.o(.text) refers to _printf_percent.o(.ARM.Collect$$_printf_percent$$00000000) for _printf_percent
    __printf_flags_ss_wp.o(.text) refers to __printf_wp.o(i._is_digit) for _is_digit
    __printf_flags_ss_wp.o(.text) refers to _printf_percent.o(.ARM.Collect$$_printf_percent$$00000000) for _printf_percent
    __printf_flags_ss_wp.o(.text) refers to __printf_flags_ss_wp.o(.constdata) for .constdata
    _printf_x.o(.ARM.Collect$$_printf_percent$$0000000C) refers (Weak) to _printf_hex_int.o(.text) for _printf_int_hex
    _printf_d.o(.ARM.Collect$$_printf_percent$$00000009) refers (Weak) to _printf_dec.o(.text) for _printf_int_dec
    _printf_percent.o(.ARM.Collect$$_printf_percent$$00000000) refers (Special) to _printf_percent_end.o(.ARM.Collect$$_printf_percent$$00000017) for _printf_percent_end
    __main.o(!!!main) refers to __rtentry.o(.ARM.Collect$$rtentry$$00000000) for __rt_entry
    __rtentry.o(.ARM.Collect$$rtentry$$00000000) refers (Special) to __rtentry2.o(.ARM.Collect$$rtentry$$0000000A) for __rt_entry_li
    __rtentry.o(.ARM.Collect$$rtentry$$00000000) refers (Special) to __rtentry2.o(.ARM.Collect$$rtentry$$0000000D) for __rt_entry_main
    __rtentry.o(.ARM.Collect$$rtentry$$00000000) refers (Special) to __rtentry2.o(.ARM.Collect$$rtentry$$0000000C) for __rt_entry_postli_1
    __rtentry.o(.ARM.Collect$$rtentry$$00000000) refers (Special) to __rtentry2.o(.ARM.Collect$$rtentry$$00000009) for __rt_entry_postsh_1
    __rtentry.o(.ARM.Collect$$rtentry$$00000000) refers (Special) to __rtentry2.o(.ARM.Collect$$rtentry$$00000002) for __rt_entry_presh_1
    __rtentry.o(.ARM.Collect$$rtentry$$00000000) refers (Special) to __rtentry4.o(.ARM.Collect$$rtentry$$00000004) for __rt_entry_sh
    aeabi_idiv0_sigfpe.o(.text) refers to rt_div0.o(.text) for __rt_div0
    _printf_char_file.o(.text) refers to _printf_char_common.o(.text) for _printf_char_common
    _printf_char_file.o(.text) refers to ferror.o(.text) for ferror
    _printf_char_file.o(.text) refers to usart1.o(.text) for fputc
    __rtentry2.o(.ARM.Collect$$rtentry$$00000008) refers to boardinit2.o(.text) for _platform_post_stackheap_init
    __rtentry2.o(.ARM.Collect$$rtentry$$0000000A) refers to libinit.o(.ARM.Collect$$libinit$$00000000) for __rt_lib_init
    __rtentry2.o(.ARM.Collect$$rtentry$$0000000B) refers to boardinit3.o(.text) for _platform_post_lib_init
    __rtentry2.o(.ARM.Collect$$rtentry$$0000000D) refers to main.o(.text) for main
    __rtentry2.o(.ARM.Collect$$rtentry$$0000000D) refers to exit.o(.text) for exit
    __rtentry2.o(.ARM.exidx) refers to __rtentry2.o(.ARM.Collect$$rtentry$$00000001) for .ARM.Collect$$rtentry$$00000001
    __rtentry2.o(.ARM.exidx) refers to __rtentry2.o(.ARM.Collect$$rtentry$$00000008) for .ARM.Collect$$rtentry$$00000008
    __rtentry2.o(.ARM.exidx) refers to __rtentry2.o(.ARM.Collect$$rtentry$$0000000A) for .ARM.Collect$$rtentry$$0000000A
    __rtentry2.o(.ARM.exidx) refers to __rtentry2.o(.ARM.Collect$$rtentry$$0000000B) for .ARM.Collect$$rtentry$$0000000B
    __rtentry2.o(.ARM.exidx) refers to __rtentry2.o(.ARM.Collect$$rtentry$$0000000D) for .ARM.Collect$$rtentry$$0000000D
    __rtentry4.o(.ARM.Collect$$rtentry$$00000004) refers to sys_stackheap_outer.o(.text) for __user_setup_stackheap
    __rtentry4.o(.ARM.exidx) refers to __rtentry4.o(.ARM.Collect$$rtentry$$00000004) for .ARM.Collect$$rtentry$$00000004
    rt_div0.o(.text) refers to defsig_fpe_outer.o(.text) for __rt_SIGFPE
    _printf_char_common.o(.text) refers to __printf.o(.text) for __printf
    sys_stackheap_outer.o(.text) refers to libspace.o(.text) for __user_perproc_libspace
    sys_stackheap_outer.o(.text) refers to startup_stm32f0xx_ld.o(.text) for __user_initial_stackheap
    sys_stackheap_outer.o(__vectab_stack_and_reset_area) refers to tempstk.o(.text) for __temporary_stack_top
    sys_stackheap_outer.o(__vectab_stack_and_reset_area) refers to __main.o(!!!main) for __main
    exit.o(.text) refers to rtexit.o(.ARM.Collect$$rtexit$$00000000) for __rt_exit
    defsig_fpe_outer.o(.text) refers to defsig_fpe_inner.o(.text) for __rt_SIGFPE_inner
    defsig_fpe_outer.o(.text) refers to defsig_exit.o(.text) for __sig_exit
    defsig_fpe_formal.o(.text) refers to rt_raise.o(.text) for __rt_raise
    libinit.o(.ARM.Collect$$libinit$$00000000) refers (Special) to libinit2.o(.ARM.Collect$$libinit$$0000002E) for __rt_lib_init_alloca_1
    libinit.o(.ARM.Collect$$libinit$$00000000) refers (Special) to libinit2.o(.ARM.Collect$$libinit$$0000002C) for __rt_lib_init_argv_1
    libinit.o(.ARM.Collect$$libinit$$00000000) refers (Special) to libinit2.o(.ARM.Collect$$libinit$$0000001B) for __rt_lib_init_atexit_1
    libinit.o(.ARM.Collect$$libinit$$00000000) refers (Special) to libinit2.o(.ARM.Collect$$libinit$$00000021) for __rt_lib_init_clock_1
    libinit.o(.ARM.Collect$$libinit$$00000000) refers (Special) to libinit2.o(.ARM.Collect$$libinit$$00000032) for __rt_lib_init_cpp_1
    libinit.o(.ARM.Collect$$libinit$$00000000) refers (Special) to libinit2.o(.ARM.Collect$$libinit$$00000030) for __rt_lib_init_exceptions_1
    libinit.o(.ARM.Collect$$libinit$$00000000) refers (Special) to libinit2.o(.ARM.Collect$$libinit$$00000002) for __rt_lib_init_fp_1
    libinit.o(.ARM.Collect$$libinit$$00000000) refers (Special) to libinit2.o(.ARM.Collect$$libinit$$0000001F) for __rt_lib_init_fp_trap_1
    libinit.o(.ARM.Collect$$libinit$$00000000) refers (Special) to libinit2.o(.ARM.Collect$$libinit$$00000023) for __rt_lib_init_getenv_1
    libinit.o(.ARM.Collect$$libinit$$00000000) refers (Special) to libinit2.o(.ARM.Collect$$libinit$$0000000A) for __rt_lib_init_heap_1
    libinit.o(.ARM.Collect$$libinit$$00000000) refers (Special) to libinit2.o(.ARM.Collect$$libinit$$00000011) for __rt_lib_init_lc_collate_1
    libinit.o(.ARM.Collect$$libinit$$00000000) refers (Special) to libinit2.o(.ARM.Collect$$libinit$$00000013) for __rt_lib_init_lc_ctype_1
    libinit.o(.ARM.Collect$$libinit$$00000000) refers (Special) to libinit2.o(.ARM.Collect$$libinit$$00000015) for __rt_lib_init_lc_monetary_1
    libinit.o(.ARM.Collect$$libinit$$00000000) refers (Special) to libinit2.o(.ARM.Collect$$libinit$$00000017) for __rt_lib_init_lc_numeric_1
    libinit.o(.ARM.Collect$$libinit$$00000000) refers (Special) to libinit2.o(.ARM.Collect$$libinit$$00000019) for __rt_lib_init_lc_time_1
    libinit.o(.ARM.Collect$$libinit$$00000000) refers (Special) to libinit2.o(.ARM.Collect$$libinit$$00000004) for __rt_lib_init_preinit_1
    libinit.o(.ARM.Collect$$libinit$$00000000) refers (Special) to libinit2.o(.ARM.Collect$$libinit$$0000000E) for __rt_lib_init_rand_1
    libinit.o(.ARM.Collect$$libinit$$00000000) refers (Special) to libinit2.o(.ARM.Collect$$libinit$$00000033) for __rt_lib_init_return
    libinit.o(.ARM.Collect$$libinit$$00000000) refers (Special) to libinit2.o(.ARM.Collect$$libinit$$0000001D) for __rt_lib_init_signal_1
    libinit.o(.ARM.Collect$$libinit$$00000000) refers (Special) to libinit2.o(.ARM.Collect$$libinit$$00000025) for __rt_lib_init_stdio_1
    libinit.o(.ARM.Collect$$libinit$$00000000) refers (Special) to libinit2.o(.ARM.Collect$$libinit$$0000000C) for __rt_lib_init_user_alloc_1
    libspace.o(.text) refers to libspace.o(.bss) for __libspace_start
    rtexit.o(.ARM.Collect$$rtexit$$00000000) refers (Special) to rtexit2.o(.ARM.Collect$$rtexit$$00000004) for __rt_exit_exit
    rtexit.o(.ARM.Collect$$rtexit$$00000000) refers (Special) to rtexit2.o(.ARM.Collect$$rtexit$$00000003) for __rt_exit_ls
    rtexit.o(.ARM.Collect$$rtexit$$00000000) refers (Special) to rtexit2.o(.ARM.Collect$$rtexit$$00000002) for __rt_exit_prels_1
    rtexit.o(.ARM.exidx) refers (Special) to rtexit2.o(.ARM.Collect$$rtexit$$00000004) for __rt_exit_exit
    rtexit.o(.ARM.exidx) refers (Special) to rtexit2.o(.ARM.Collect$$rtexit$$00000003) for __rt_exit_ls
    rtexit.o(.ARM.exidx) refers (Special) to rtexit2.o(.ARM.Collect$$rtexit$$00000002) for __rt_exit_prels_1
    rtexit.o(.ARM.exidx) refers to rtexit.o(.ARM.Collect$$rtexit$$00000000) for .ARM.Collect$$rtexit$$00000000
    rt_raise.o(.text) refers to __raise.o(.text) for __raise
    rt_raise.o(.text) refers to usart1.o(.text) for _sys_exit
    defsig_exit.o(.text) refers to usart1.o(.text) for _sys_exit
    defsig_fpe_inner.o(.text) refers to defsig_general.o(.text) for __default_signal_display
    libinit2.o(.ARM.Collect$$libinit$$00000010) refers to libinit2.o(.ARM.Collect$$libinit$$0000000F) for .ARM.Collect$$libinit$$0000000F
    libinit2.o(.ARM.Collect$$libinit$$00000012) refers to libinit2.o(.ARM.Collect$$libinit$$0000000F) for .ARM.Collect$$libinit$$0000000F
    libinit2.o(.ARM.Collect$$libinit$$00000014) refers to libinit2.o(.ARM.Collect$$libinit$$0000000F) for .ARM.Collect$$libinit$$0000000F
    libinit2.o(.ARM.Collect$$libinit$$00000016) refers to libinit2.o(.ARM.Collect$$libinit$$0000000F) for .ARM.Collect$$libinit$$0000000F
    libinit2.o(.ARM.Collect$$libinit$$00000018) refers to libinit2.o(.ARM.Collect$$libinit$$0000000F) for .ARM.Collect$$libinit$$0000000F
    libinit2.o(.ARM.Collect$$libinit$$00000026) refers to argv_veneer.o(.text) for __ARM_argv_veneer
    libinit2.o(.ARM.Collect$$libinit$$00000027) refers to argv_veneer.o(.text) for __ARM_argv_veneer
    rtexit2.o(.ARM.Collect$$rtexit$$00000003) refers to libshutdown.o(.ARM.Collect$$libshutdown$$00000000) for __rt_lib_shutdown
    rtexit2.o(.ARM.Collect$$rtexit$$00000004) refers to usart1.o(.text) for _sys_exit
    rtexit2.o(.ARM.exidx) refers to rtexit2.o(.ARM.Collect$$rtexit$$00000001) for .ARM.Collect$$rtexit$$00000001
    rtexit2.o(.ARM.exidx) refers to rtexit2.o(.ARM.Collect$$rtexit$$00000003) for .ARM.Collect$$rtexit$$00000003
    rtexit2.o(.ARM.exidx) refers to rtexit2.o(.ARM.Collect$$rtexit$$00000004) for .ARM.Collect$$rtexit$$00000004
    __raise.o(.text) refers to defsig.o(CL$$defsig) for __default_signal_handler
    defsig_general.o(.text) refers to sys_wrch.o(.text) for _ttywrch
    sys_wrch.o(.text) refers (Special) to use_no_semi.o(.text) for __I$use$semihosting
    sys_wrch.o(.text) refers (Special) to indicate_semi.o(.text) for __semihosting_library_function
    defsig.o(CL$$defsig) refers to defsig_fpe_inner.o(.text) for __rt_SIGFPE_inner
    defsig.o(CL$$defsig) refers to defsig_rtmem_inner.o(.text) for __rt_SIGRTMEM_inner
    _get_argv_nomalloc.o(.text) refers (Special) to hrguard.o(.text) for __heap_region$guard
    _get_argv_nomalloc.o(.text) refers to defsig_rtmem_outer.o(.text) for __rt_SIGRTMEM
    _get_argv_nomalloc.o(.text) refers to sys_command.o(.text) for _sys_command_string
    libshutdown.o(.ARM.Collect$$libshutdown$$00000000) refers (Special) to libshutdown2.o(.ARM.Collect$$libshutdown$$00000006) for __rt_lib_shutdown_fp_trap_1
    libshutdown.o(.ARM.Collect$$libshutdown$$00000000) refers (Special) to libshutdown2.o(.ARM.Collect$$libshutdown$$0000000E) for __rt_lib_shutdown_heap_1
    libshutdown.o(.ARM.Collect$$libshutdown$$00000000) refers (Special) to libshutdown2.o(.ARM.Collect$$libshutdown$$0000000F) for __rt_lib_shutdown_return
    libshutdown.o(.ARM.Collect$$libshutdown$$00000000) refers (Special) to libshutdown2.o(.ARM.Collect$$libshutdown$$00000009) for __rt_lib_shutdown_signal_1
    libshutdown.o(.ARM.Collect$$libshutdown$$00000000) refers (Special) to libshutdown2.o(.ARM.Collect$$libshutdown$$00000003) for __rt_lib_shutdown_stdio_1
    libshutdown.o(.ARM.Collect$$libshutdown$$00000000) refers (Special) to libshutdown2.o(.ARM.Collect$$libshutdown$$0000000B) for __rt_lib_shutdown_user_alloc_1
    sys_command.o(.text) refers (Special) to use_no_semi.o(.text) for __I$use$semihosting
    sys_command.o(.text) refers (Special) to indicate_semi.o(.text) for __semihosting_library_function
    defsig_abrt_inner.o(.text) refers to defsig_general.o(.text) for __default_signal_display
    defsig_rtred_inner.o(.text) refers to defsig_general.o(.text) for __default_signal_display
    defsig_rtmem_inner.o(.text) refers to defsig_general.o(.text) for __default_signal_display
    defsig_rtmem_outer.o(.text) refers to defsig_rtmem_inner.o(.text) for __rt_SIGRTMEM_inner
    defsig_rtmem_outer.o(.text) refers to defsig_exit.o(.text) for __sig_exit
    defsig_rtmem_formal.o(.text) refers to rt_raise.o(.text) for __rt_raise
    defsig_stak_inner.o(.text) refers to defsig_general.o(.text) for __default_signal_display
    defsig_pvfn_inner.o(.text) refers to defsig_general.o(.text) for __default_signal_display
    defsig_cppl_inner.o(.text) refers to defsig_general.o(.text) for __default_signal_display
    defsig_segv_inner.o(.text) refers to defsig_general.o(.text) for __default_signal_display
    defsig_other.o(.text) refers to defsig_general.o(.text) for __default_signal_display


==============================================================================

Removing Unused input sections from the image.

    Removing main.o(.rev16_text), (4 bytes).
    Removing main.o(.revsh_text), (4 bytes).
    Removing stm32f0xx_gpio.o(.rev16_text), (4 bytes).
    Removing stm32f0xx_gpio.o(.revsh_text), (4 bytes).
    Removing stm32f0xx_rcc.o(.rev16_text), (4 bytes).
    Removing stm32f0xx_rcc.o(.revsh_text), (4 bytes).
    Removing stm32f0xx_adc.o(.rev16_text), (4 bytes).
    Removing stm32f0xx_adc.o(.revsh_text), (4 bytes).
    Removing stm32f0xx_dma.o(.rev16_text), (4 bytes).
    Removing stm32f0xx_dma.o(.revsh_text), (4 bytes).
    Removing stm32f0xx_exti.o(.rev16_text), (4 bytes).
    Removing stm32f0xx_exti.o(.revsh_text), (4 bytes).
    Removing stm32f0xx_misc.o(.rev16_text), (4 bytes).
    Removing stm32f0xx_misc.o(.revsh_text), (4 bytes).
    Removing stm32f0xx_syscfg.o(.rev16_text), (4 bytes).
    Removing stm32f0xx_syscfg.o(.revsh_text), (4 bytes).
    Removing stm32f0xx_usart.o(.rev16_text), (4 bytes).
    Removing stm32f0xx_usart.o(.revsh_text), (4 bytes).
    Removing led.o(.rev16_text), (4 bytes).
    Removing led.o(.revsh_text), (4 bytes).
    Removing delay.o(.rev16_text), (4 bytes).
    Removing delay.o(.revsh_text), (4 bytes).
    Removing usart1.o(.rev16_text), (4 bytes).
    Removing usart1.o(.revsh_text), (4 bytes).
    Removing key.o(.rev16_text), (4 bytes).
    Removing key.o(.revsh_text), (4 bytes).
    Removing adc1.o(.rev16_text), (4 bytes).
    Removing adc1.o(.revsh_text), (4 bytes).
    Removing system_stm32f0xx.o(.rev16_text), (4 bytes).
    Removing system_stm32f0xx.o(.revsh_text), (4 bytes).

30 unused section(s) (total 120 bytes) removed from the image.

==============================================================================

Image Symbol Table

    Local Symbols

    Symbol Name                              Value     Ov Type        Size  Object(Section)

    ../clib/angel/boardlib.s                 0x00000000   Number         0  boardinit1.o ABSOLUTE
    ../clib/angel/boardlib.s                 0x00000000   Number         0  boardinit2.o ABSOLUTE
    ../clib/angel/boardlib.s                 0x00000000   Number         0  boardinit3.o ABSOLUTE
    ../clib/angel/boardlib.s                 0x00000000   Number         0  boardshut.o ABSOLUTE
    ../clib/angel/handlers.s                 0x00000000   Number         0  __scatter_zi.o ABSOLUTE
    ../clib/angel/handlers.s                 0x00000000   Number         0  __scatter_copy.o ABSOLUTE
    ../clib/angel/kernel.s                   0x00000000   Number         0  __rtentry2.o ABSOLUTE
    ../clib/angel/kernel.s                   0x00000000   Number         0  rtexit.o ABSOLUTE
    ../clib/angel/kernel.s                   0x00000000   Number         0  __rtentry4.o ABSOLUTE
    ../clib/angel/kernel.s                   0x00000000   Number         0  rtexit2.o ABSOLUTE
    ../clib/angel/kernel.s                   0x00000000   Number         0  __rtentry.o ABSOLUTE
    ../clib/angel/rt.s                       0x00000000   Number         0  rt_raise.o ABSOLUTE
    ../clib/angel/rt.s                       0x00000000   Number         0  rt_div0.o ABSOLUTE
    ../clib/angel/rt.s                       0x00000000   Number         0  aeabi_idiv0_sigfpe.o ABSOLUTE
    ../clib/angel/rt.s                       0x00000000   Number         0  aeabi_idiv0.o ABSOLUTE
    ../clib/angel/scatterp.s                 0x00000000   Number         0  __scatter.o ABSOLUTE
    ../clib/angel/startup.s                  0x00000000   Number         0  __main.o ABSOLUTE
    ../clib/angel/sys.s                      0x00000000   Number         0  sys_stackheap_outer.o ABSOLUTE
    ../clib/angel/sys.s                      0x00000000   Number         0  use_no_semi_2.o ABSOLUTE
    ../clib/angel/sys.s                      0x00000000   Number         0  tempstk.o ABSOLUTE
    ../clib/angel/sys.s                      0x00000000   Number         0  indicate_semi.o ABSOLUTE
    ../clib/angel/sys.s                      0x00000000   Number         0  libspace.o ABSOLUTE
    ../clib/angel/sys.s                      0x00000000   Number         0  use_no_semi.o ABSOLUTE
    ../clib/angel/sysapp.c                   0x00000000   Number         0  sys_wrch.o ABSOLUTE
    ../clib/angel/sysapp.c                   0x00000000   Number         0  sys_command.o ABSOLUTE
    ../clib/armsys.c                         0x00000000   Number         0  argv_veneer.o ABSOLUTE
    ../clib/armsys.c                         0x00000000   Number         0  no_argv.o ABSOLUTE
    ../clib/armsys.c                         0x00000000   Number         0  _get_argv_nomalloc.o ABSOLUTE
    ../clib/division.c                       0x00000000   Number         0  rtudiv10.o ABSOLUTE
    ../clib/division.s                       0x00000000   Number         0  aeabi_sdiv.o ABSOLUTE
    ../clib/division.s                       0x00000000   Number         0  aeabi_sdiv_div0.o ABSOLUTE
    ../clib/heapalloc.c                      0x00000000   Number         0  hrguard.o ABSOLUTE
    ../clib/heapaux.c                        0x00000000   Number         0  heapauxi.o ABSOLUTE
    ../clib/libinit.s                        0x00000000   Number         0  libshutdown2.o ABSOLUTE
    ../clib/libinit.s                        0x00000000   Number         0  libinit2.o ABSOLUTE
    ../clib/libinit.s                        0x00000000   Number         0  libinit.o ABSOLUTE
    ../clib/libinit.s                        0x00000000   Number         0  libshutdown.o ABSOLUTE
    ../clib/printf.c                         0x00000000   Number         0  noretval__2printf.o ABSOLUTE
    ../clib/printf.c                         0x00000000   Number         0  __printf.o ABSOLUTE
    ../clib/printf.c                         0x00000000   Number         0  _printf_dec.o ABSOLUTE
    ../clib/printf.c                         0x00000000   Number         0  _printf_hex_int.o ABSOLUTE
    ../clib/printf.c                         0x00000000   Number         0  __printf_nopercent.o ABSOLUTE
    ../clib/printf.c                         0x00000000   Number         0  _printf_hex_int_ll.o ABSOLUTE
    ../clib/printf.c                         0x00000000   Number         0  _printf_hex_ptr.o ABSOLUTE
    ../clib/printf.c                         0x00000000   Number         0  _printf_hex_int_ptr.o ABSOLUTE
    ../clib/printf.c                         0x00000000   Number         0  _printf_hex_ll_ptr.o ABSOLUTE
    ../clib/printf.c                         0x00000000   Number         0  __printf_flags.o ABSOLUTE
    ../clib/printf.c                         0x00000000   Number         0  __printf_ss.o ABSOLUTE
    ../clib/printf.c                         0x00000000   Number         0  __printf_flags_ss.o ABSOLUTE
    ../clib/printf.c                         0x00000000   Number         0  __printf_flags_wp.o ABSOLUTE
    ../clib/printf.c                         0x00000000   Number         0  __printf_ss_wp.o ABSOLUTE
    ../clib/printf.c                         0x00000000   Number         0  __printf_flags_ss_wp.o ABSOLUTE
    ../clib/printf.c                         0x00000000   Number         0  _printf_char_common.o ABSOLUTE
    ../clib/printf.c                         0x00000000   Number         0  _printf_char_file.o ABSOLUTE
    ../clib/printf.c                         0x00000000   Number         0  _printf_intcommon.o ABSOLUTE
    ../clib/printf.c                         0x00000000   Number         0  __printf_wp.o ABSOLUTE
    ../clib/printf.c                         0x00000000   Number         0  _printf_hex_int_ll_ptr.o ABSOLUTE
    ../clib/printf.c                         0x00000000   Number         0  _printf_hex_ll.o ABSOLUTE
    ../clib/printf.c                         0x00000000   Number         0  __2printf.o ABSOLUTE
    ../clib/printf_percent.s                 0x00000000   Number         0  _printf_x.o ABSOLUTE
    ../clib/printf_percent.s                 0x00000000   Number         0  _printf_percent.o ABSOLUTE
    ../clib/printf_percent.s                 0x00000000   Number         0  _printf_percent_end.o ABSOLUTE
    ../clib/printf_percent.s                 0x00000000   Number         0  _printf_d.o ABSOLUTE
    ../clib/signal.c                         0x00000000   Number         0  defsig_pvfn_inner.o ABSOLUTE
    ../clib/signal.c                         0x00000000   Number         0  defsig_fpe_inner.o ABSOLUTE
    ../clib/signal.c                         0x00000000   Number         0  defsig_general.o ABSOLUTE
    ../clib/signal.c                         0x00000000   Number         0  defsig_stak_inner.o ABSOLUTE
    ../clib/signal.c                         0x00000000   Number         0  defsig_fpe_outer.o ABSOLUTE
    ../clib/signal.c                         0x00000000   Number         0  defsig_cppl_inner.o ABSOLUTE
    ../clib/signal.c                         0x00000000   Number         0  defsig_rtmem_formal.o ABSOLUTE
    ../clib/signal.c                         0x00000000   Number         0  defsig_rtmem_outer.o ABSOLUTE
    ../clib/signal.c                         0x00000000   Number         0  defsig_rtmem_inner.o ABSOLUTE
    ../clib/signal.c                         0x00000000   Number         0  __raise.o ABSOLUTE
    ../clib/signal.c                         0x00000000   Number         0  defsig_segv_inner.o ABSOLUTE
    ../clib/signal.c                         0x00000000   Number         0  defsig_abrt_inner.o ABSOLUTE
    ../clib/signal.c                         0x00000000   Number         0  defsig_other.o ABSOLUTE
    ../clib/signal.c                         0x00000000   Number         0  defsig_rtred_inner.o ABSOLUTE
    ../clib/signal.c                         0x00000000   Number         0  defsig_exit.o ABSOLUTE
    ../clib/signal.c                         0x00000000   Number         0  defsig_fpe_formal.o ABSOLUTE
    ../clib/signal.s                         0x00000000   Number         0  defsig.o ABSOLUTE
    ../clib/stdio.c                          0x00000000   Number         0  ferror_locked.o ABSOLUTE
    ../clib/stdio.c                          0x00000000   Number         0  ferror.o ABSOLUTE
    ../clib/stdlib.c                         0x00000000   Number         0  exit.o ABSOLUTE
    ../fplib/cfplib/fpinit.c                 0x00000000   Number         0  fpinit.o ABSOLUTE
    ..\My_Lib\ADC1\ADC1.c                    0x00000000   Number         0  adc1.o ABSOLUTE
    ..\My_Lib\KEY\KEY.c                      0x00000000   Number         0  key.o ABSOLUTE
    ..\My_Lib\LED\led.c                      0x00000000   Number         0  led.o ABSOLUTE
    ..\My_Lib\USART1\usart1.c                0x00000000   Number         0  usart1.o ABSOLUTE
    ..\My_Lib\delay\delay.c                  0x00000000   Number         0  delay.o ABSOLUTE
    ..\ST_Lib\src\stm32f0xx_adc.c            0x00000000   Number         0  stm32f0xx_adc.o ABSOLUTE
    ..\ST_Lib\src\stm32f0xx_dma.c            0x00000000   Number         0  stm32f0xx_dma.o ABSOLUTE
    ..\ST_Lib\src\stm32f0xx_exti.c           0x00000000   Number         0  stm32f0xx_exti.o ABSOLUTE
    ..\ST_Lib\src\stm32f0xx_gpio.c           0x00000000   Number         0  stm32f0xx_gpio.o ABSOLUTE
    ..\ST_Lib\src\stm32f0xx_misc.c           0x00000000   Number         0  stm32f0xx_misc.o ABSOLUTE
    ..\ST_Lib\src\stm32f0xx_rcc.c            0x00000000   Number         0  stm32f0xx_rcc.o ABSOLUTE
    ..\ST_Lib\src\stm32f0xx_syscfg.c         0x00000000   Number         0  stm32f0xx_syscfg.o ABSOLUTE
    ..\ST_Lib\src\stm32f0xx_usart.c          0x00000000   Number         0  stm32f0xx_usart.o ABSOLUTE
    ..\System\CMSIS\system_stm32f0xx.c       0x00000000   Number         0  system_stm32f0xx.o ABSOLUTE
    ..\System\startup\startup_stm32f0xx_ld.s 0x00000000   Number         0  startup_stm32f0xx_ld.o ABSOLUTE
    ..\User\main.c                           0x00000000   Number         0  main.o ABSOLUTE
    ..\\My_Lib\\ADC1\\ADC1.c                 0x00000000   Number         0  adc1.o ABSOLUTE
    ..\\My_Lib\\KEY\\KEY.c                   0x00000000   Number         0  key.o ABSOLUTE
    ..\\My_Lib\\LED\\led.c                   0x00000000   Number         0  led.o ABSOLUTE
    ..\\My_Lib\\USART1\\usart1.c             0x00000000   Number         0  usart1.o ABSOLUTE
    ..\\My_Lib\\delay\\delay.c               0x00000000   Number         0  delay.o ABSOLUTE
    ..\\ST_Lib\\src\\stm32f0xx_adc.c         0x00000000   Number         0  stm32f0xx_adc.o ABSOLUTE
    ..\\ST_Lib\\src\\stm32f0xx_dma.c         0x00000000   Number         0  stm32f0xx_dma.o ABSOLUTE
    ..\\ST_Lib\\src\\stm32f0xx_exti.c        0x00000000   Number         0  stm32f0xx_exti.o ABSOLUTE
    ..\\ST_Lib\\src\\stm32f0xx_gpio.c        0x00000000   Number         0  stm32f0xx_gpio.o ABSOLUTE
    ..\\ST_Lib\\src\\stm32f0xx_misc.c        0x00000000   Number         0  stm32f0xx_misc.o ABSOLUTE
    ..\\ST_Lib\\src\\stm32f0xx_rcc.c         0x00000000   Number         0  stm32f0xx_rcc.o ABSOLUTE
    ..\\ST_Lib\\src\\stm32f0xx_syscfg.c      0x00000000   Number         0  stm32f0xx_syscfg.o ABSOLUTE
    ..\\ST_Lib\\src\\stm32f0xx_usart.c       0x00000000   Number         0  stm32f0xx_usart.o ABSOLUTE
    ..\\System\\CMSIS\\system_stm32f0xx.c    0x00000000   Number         0  system_stm32f0xx.o ABSOLUTE
    ..\\User\\main.c                         0x00000000   Number         0  main.o ABSOLUTE
    dc.s                                     0x00000000   Number         0  dc.o ABSOLUTE
    RESET                                    0x08000000   Section      176  startup_stm32f0xx_ld.o(RESET)
    !!!main                                  0x080000b0   Section        8  __main.o(!!!main)
    !!!scatter                               0x080000b8   Section       60  __scatter.o(!!!scatter)
    !!handler_copy                           0x080000f4   Section       26  __scatter_copy.o(!!handler_copy)
    !!handler_zi                             0x08000110   Section       28  __scatter_zi.o(!!handler_zi)
    .ARM.Collect$$_printf_percent$$00000000  0x0800012c   Section        2  _printf_percent.o(.ARM.Collect$$_printf_percent$$00000000)
    .ARM.Collect$$_printf_percent$$00000009  0x0800012e   Section       10  _printf_d.o(.ARM.Collect$$_printf_percent$$00000009)
    .ARM.Collect$$_printf_percent$$0000000C  0x08000138   Section       10  _printf_x.o(.ARM.Collect$$_printf_percent$$0000000C)
    .ARM.Collect$$_printf_percent$$00000017  0x08000142   Section        4  _printf_percent_end.o(.ARM.Collect$$_printf_percent$$00000017)
    .ARM.Collect$$libinit$$00000000          0x08000146   Section        2  libinit.o(.ARM.Collect$$libinit$$00000000)
    .ARM.Collect$$libinit$$00000002          0x08000148   Section        0  libinit2.o(.ARM.Collect$$libinit$$00000002)
    .ARM.Collect$$libinit$$00000004          0x08000148   Section        0  libinit2.o(.ARM.Collect$$libinit$$00000004)
    .ARM.Collect$$libinit$$0000000A          0x08000148   Section        0  libinit2.o(.ARM.Collect$$libinit$$0000000A)
    .ARM.Collect$$libinit$$0000000C          0x08000148   Section        0  libinit2.o(.ARM.Collect$$libinit$$0000000C)
    .ARM.Collect$$libinit$$0000000E          0x08000148   Section        0  libinit2.o(.ARM.Collect$$libinit$$0000000E)
    .ARM.Collect$$libinit$$00000011          0x08000148   Section        0  libinit2.o(.ARM.Collect$$libinit$$00000011)
    .ARM.Collect$$libinit$$00000013          0x08000148   Section        0  libinit2.o(.ARM.Collect$$libinit$$00000013)
    .ARM.Collect$$libinit$$00000015          0x08000148   Section        0  libinit2.o(.ARM.Collect$$libinit$$00000015)
    .ARM.Collect$$libinit$$00000017          0x08000148   Section        0  libinit2.o(.ARM.Collect$$libinit$$00000017)
    .ARM.Collect$$libinit$$00000019          0x08000148   Section        0  libinit2.o(.ARM.Collect$$libinit$$00000019)
    .ARM.Collect$$libinit$$0000001B          0x08000148   Section        0  libinit2.o(.ARM.Collect$$libinit$$0000001B)
    .ARM.Collect$$libinit$$0000001D          0x08000148   Section        0  libinit2.o(.ARM.Collect$$libinit$$0000001D)
    .ARM.Collect$$libinit$$0000001F          0x08000148   Section        0  libinit2.o(.ARM.Collect$$libinit$$0000001F)
    .ARM.Collect$$libinit$$00000021          0x08000148   Section        0  libinit2.o(.ARM.Collect$$libinit$$00000021)
    .ARM.Collect$$libinit$$00000023          0x08000148   Section        0  libinit2.o(.ARM.Collect$$libinit$$00000023)
    .ARM.Collect$$libinit$$00000025          0x08000148   Section        0  libinit2.o(.ARM.Collect$$libinit$$00000025)
    .ARM.Collect$$libinit$$0000002C          0x08000148   Section        0  libinit2.o(.ARM.Collect$$libinit$$0000002C)
    .ARM.Collect$$libinit$$0000002E          0x08000148   Section        0  libinit2.o(.ARM.Collect$$libinit$$0000002E)
    .ARM.Collect$$libinit$$00000030          0x08000148   Section        0  libinit2.o(.ARM.Collect$$libinit$$00000030)
    .ARM.Collect$$libinit$$00000032          0x08000148   Section        0  libinit2.o(.ARM.Collect$$libinit$$00000032)
    .ARM.Collect$$libinit$$00000033          0x08000148   Section        2  libinit2.o(.ARM.Collect$$libinit$$00000033)
    .ARM.Collect$$libshutdown$$00000000      0x0800014a   Section        2  libshutdown.o(.ARM.Collect$$libshutdown$$00000000)
    .ARM.Collect$$libshutdown$$00000003      0x0800014c   Section        0  libshutdown2.o(.ARM.Collect$$libshutdown$$00000003)
    .ARM.Collect$$libshutdown$$00000006      0x0800014c   Section        0  libshutdown2.o(.ARM.Collect$$libshutdown$$00000006)
    .ARM.Collect$$libshutdown$$00000009      0x0800014c   Section        0  libshutdown2.o(.ARM.Collect$$libshutdown$$00000009)
    .ARM.Collect$$libshutdown$$0000000B      0x0800014c   Section        0  libshutdown2.o(.ARM.Collect$$libshutdown$$0000000B)
    .ARM.Collect$$libshutdown$$0000000E      0x0800014c   Section        0  libshutdown2.o(.ARM.Collect$$libshutdown$$0000000E)
    .ARM.Collect$$libshutdown$$0000000F      0x0800014c   Section        2  libshutdown2.o(.ARM.Collect$$libshutdown$$0000000F)
    .ARM.Collect$$rtentry$$00000000          0x0800014e   Section        0  __rtentry.o(.ARM.Collect$$rtentry$$00000000)
    .ARM.Collect$$rtentry$$00000002          0x0800014e   Section        0  __rtentry2.o(.ARM.Collect$$rtentry$$00000002)
    .ARM.Collect$$rtentry$$00000004          0x0800014e   Section        6  __rtentry4.o(.ARM.Collect$$rtentry$$00000004)
    .ARM.Collect$$rtentry$$00000009          0x08000154   Section        0  __rtentry2.o(.ARM.Collect$$rtentry$$00000009)
    .ARM.Collect$$rtentry$$0000000A          0x08000154   Section        4  __rtentry2.o(.ARM.Collect$$rtentry$$0000000A)
    .ARM.Collect$$rtentry$$0000000C          0x08000158   Section        0  __rtentry2.o(.ARM.Collect$$rtentry$$0000000C)
    .ARM.Collect$$rtentry$$0000000D          0x08000158   Section        8  __rtentry2.o(.ARM.Collect$$rtentry$$0000000D)
    .ARM.Collect$$rtexit$$00000000           0x08000160   Section        2  rtexit.o(.ARM.Collect$$rtexit$$00000000)
    .ARM.Collect$$rtexit$$00000002           0x08000162   Section        0  rtexit2.o(.ARM.Collect$$rtexit$$00000002)
    .ARM.Collect$$rtexit$$00000003           0x08000162   Section        4  rtexit2.o(.ARM.Collect$$rtexit$$00000003)
    .ARM.Collect$$rtexit$$00000004           0x08000166   Section        6  rtexit2.o(.ARM.Collect$$rtexit$$00000004)
    .text                                    0x0800016c   Section        0  main.o(.text)
    .text                                    0x08000244   Section        0  stm32f0xx_gpio.o(.text)
    .text                                    0x08000434   Section        0  stm32f0xx_rcc.o(.text)
    .text                                    0x08000a2c   Section        0  stm32f0xx_adc.o(.text)
    .text                                    0x08000d14   Section        0  stm32f0xx_dma.o(.text)
    .text                                    0x08000e84   Section        0  stm32f0xx_exti.o(.text)
    .text                                    0x08000f8c   Section        0  stm32f0xx_misc.o(.text)
    .text                                    0x08001040   Section        0  stm32f0xx_syscfg.o(.text)
    .text                                    0x08001130   Section        0  stm32f0xx_usart.o(.text)
    .text                                    0x080016a4   Section        0  led.o(.text)
    .text                                    0x080016e8   Section        0  delay.o(.text)
    .text                                    0x080017a0   Section        0  usart1.o(.text)
    .text                                    0x080018b0   Section        0  key.o(.text)
    .text                                    0x08001974   Section        0  adc1.o(.text)
    .text                                    0x08001a9c   Section       56  startup_stm32f0xx_ld.o(.text)
    .text                                    0x08001ad4   Section        0  system_stm32f0xx.o(.text)
    SetSysClock                              0x08001ad5   Thumb Code   224  system_stm32f0xx.o(.text)
    .text                                    0x08001cdc   Section        2  use_no_semi_2.o(.text)
    .text                                    0x08001ce0   Section        0  noretval__2printf.o(.text)
    .text                                    0x08001cfc   Section        0  __printf.o(.text)
    .text                                    0x08001d68   Section        0  _printf_dec.o(.text)
    .text                                    0x08001dd4   Section        0  _printf_hex_int.o(.text)
    .text                                    0x08001e2c   Section      346  aeabi_sdiv.o(.text)
    .text                                    0x08001f86   Section        0  heapauxi.o(.text)
    .text                                    0x08001f8c   Section        2  use_no_semi.o(.text)
    .text                                    0x08001f8e   Section        0  _printf_intcommon.o(.text)
    .text                                    0x08002040   Section        0  _printf_char_file.o(.text)
    .text                                    0x08002068   Section        0  rtudiv10.o(.text)
    .text                                    0x08002090   Section        0  _printf_char_common.o(.text)
    _printf_input_char                       0x08002091   Thumb Code    10  _printf_char_common.o(.text)
    .text                                    0x080020c0   Section        0  ferror.o(.text)
    .text                                    0x080020c8   Section       62  sys_stackheap_outer.o(.text)
    .text                                    0x08002106   Section        0  exit.o(.text)
    .text                                    0x08002114   Section        8  libspace.o(.text)
    .constdata                               0x0800211c   Section       40  _printf_hex_int.o(.constdata)
    uc_hextab                                0x0800211c   Data          20  _printf_hex_int.o(.constdata)
    lc_hextab                                0x08002130   Data          20  _printf_hex_int.o(.constdata)
    .data                                    0x20000000   Section       16  stm32f0xx_rcc.o(.data)
    APBAHBPrescTable                         0x20000000   Data          16  stm32f0xx_rcc.o(.data)
    .data                                    0x20000010   Section        3  delay.o(.data)
    .data                                    0x20000014   Section        8  usart1.o(.data)
    input_callback                           0x20000018   Data           4  usart1.o(.data)
    .data                                    0x2000001c   Section       24  adc1.o(.data)
    .data                                    0x20000034   Section       20  system_stm32f0xx.o(.data)
    .bss                                     0x20000048   Section       96  libspace.o(.bss)
    HEAP                                     0x200000a8   Section      512  startup_stm32f0xx_ld.o(HEAP)
    Heap_Mem                                 0x200000a8   Data         512  startup_stm32f0xx_ld.o(HEAP)
    STACK                                    0x200002a8   Section     1024  startup_stm32f0xx_ld.o(STACK)
    Stack_Mem                                0x200002a8   Data        1024  startup_stm32f0xx_ld.o(STACK)
    __initial_sp                             0x200006a8   Data           0  startup_stm32f0xx_ld.o(STACK)

    Global Symbols

    Symbol Name                              Value     Ov Type        Size  Object(Section)

    BuildAttributes$$THM_ISAv3M$S$PE$A:L22$X:L11$S22$IEEE1$IW$USESV6$~STKCKD$USESV7$~SHL$OSPACE$ROPI$EBA8$UX$STANDARDLIB$REQ8$PRES8$EABIv2 0x00000000   Number         0  anon$$obj.o ABSOLUTE
    __ARM_use_no_argv                        0x00000000   Number         0  main.o ABSOLUTE
    __ARM_exceptions_init                     - Undefined Weak Reference
    __alloca_initialize                       - Undefined Weak Reference
    __arm_preinit_                            - Undefined Weak Reference
    __cpp_initialize__aeabi_                  - Undefined Weak Reference
    __cxa_finalize                            - Undefined Weak Reference
    __rt_locale                               - Undefined Weak Reference
    __sigvec_lookup                           - Undefined Weak Reference
    _atexit_init                              - Undefined Weak Reference
    _call_atexit_fns                          - Undefined Weak Reference
    _clock_init                               - Undefined Weak Reference
    _fp_trap_init                             - Undefined Weak Reference
    _fp_trap_shutdown                         - Undefined Weak Reference
    _get_lc_collate                           - Undefined Weak Reference
    _get_lc_ctype                             - Undefined Weak Reference
    _get_lc_monetary                          - Undefined Weak Reference
    _get_lc_numeric                           - Undefined Weak Reference
    _get_lc_time                              - Undefined Weak Reference
    _getenv_init                              - Undefined Weak Reference
    _handle_redirection                       - Undefined Weak Reference
    _init_alloc                               - Undefined Weak Reference
    _init_user_alloc                          - Undefined Weak Reference
    _initio                                   - Undefined Weak Reference
    _mutex_acquire                            - Undefined Weak Reference
    _mutex_release                            - Undefined Weak Reference
    _printf_post_padding                      - Undefined Weak Reference
    _printf_pre_padding                       - Undefined Weak Reference
    _printf_truncate_signed                   - Undefined Weak Reference
    _printf_truncate_unsigned                 - Undefined Weak Reference
    _rand_init                                - Undefined Weak Reference
    _signal_finish                            - Undefined Weak Reference
    _signal_init                              - Undefined Weak Reference
    _terminate_alloc                          - Undefined Weak Reference
    _terminate_user_alloc                     - Undefined Weak Reference
    _terminateio                              - Undefined Weak Reference
    __Vectors_Size                           0x000000b0   Number         0  startup_stm32f0xx_ld.o ABSOLUTE
    __Vectors                                0x08000000   Data           4  startup_stm32f0xx_ld.o(RESET)
    __Vectors_End                            0x080000b0   Data           0  startup_stm32f0xx_ld.o(RESET)
    __main                                   0x080000b1   Thumb Code     8  __main.o(!!!main)
    __scatterload                            0x080000b9   Thumb Code     0  __scatter.o(!!!scatter)
    __scatterload_rt2                        0x080000b9   Thumb Code    52  __scatter.o(!!!scatter)
    __scatterload_rt2_thumb_only             0x080000b9   Thumb Code     0  __scatter.o(!!!scatter)
    __scatterload_null                       0x080000c9   Thumb Code     0  __scatter.o(!!!scatter)
    __scatterload_copy                       0x080000f5   Thumb Code    26  __scatter_copy.o(!!handler_copy)
    __scatterload_zeroinit                   0x08000111   Thumb Code    28  __scatter_zi.o(!!handler_zi)
    _printf_percent                          0x0800012d   Thumb Code     0  _printf_percent.o(.ARM.Collect$$_printf_percent$$00000000)
    _printf_d                                0x0800012f   Thumb Code     0  _printf_d.o(.ARM.Collect$$_printf_percent$$00000009)
    _printf_x                                0x08000139   Thumb Code     0  _printf_x.o(.ARM.Collect$$_printf_percent$$0000000C)
    _printf_percent_end                      0x08000143   Thumb Code     0  _printf_percent_end.o(.ARM.Collect$$_printf_percent$$00000017)
    __rt_lib_init                            0x08000147   Thumb Code     0  libinit.o(.ARM.Collect$$libinit$$00000000)
    __rt_lib_init_alloca_1                   0x08000149   Thumb Code     0  libinit2.o(.ARM.Collect$$libinit$$0000002E)
    __rt_lib_init_argv_1                     0x08000149   Thumb Code     0  libinit2.o(.ARM.Collect$$libinit$$0000002C)
    __rt_lib_init_atexit_1                   0x08000149   Thumb Code     0  libinit2.o(.ARM.Collect$$libinit$$0000001B)
    __rt_lib_init_clock_1                    0x08000149   Thumb Code     0  libinit2.o(.ARM.Collect$$libinit$$00000021)
    __rt_lib_init_cpp_1                      0x08000149   Thumb Code     0  libinit2.o(.ARM.Collect$$libinit$$00000032)
    __rt_lib_init_exceptions_1               0x08000149   Thumb Code     0  libinit2.o(.ARM.Collect$$libinit$$00000030)
    __rt_lib_init_fp_1                       0x08000149   Thumb Code     0  libinit2.o(.ARM.Collect$$libinit$$00000002)
    __rt_lib_init_fp_trap_1                  0x08000149   Thumb Code     0  libinit2.o(.ARM.Collect$$libinit$$0000001F)
    __rt_lib_init_getenv_1                   0x08000149   Thumb Code     0  libinit2.o(.ARM.Collect$$libinit$$00000023)
    __rt_lib_init_heap_1                     0x08000149   Thumb Code     0  libinit2.o(.ARM.Collect$$libinit$$0000000A)
    __rt_lib_init_lc_collate_1               0x08000149   Thumb Code     0  libinit2.o(.ARM.Collect$$libinit$$00000011)
    __rt_lib_init_lc_ctype_1                 0x08000149   Thumb Code     0  libinit2.o(.ARM.Collect$$libinit$$00000013)
    __rt_lib_init_lc_monetary_1              0x08000149   Thumb Code     0  libinit2.o(.ARM.Collect$$libinit$$00000015)
    __rt_lib_init_lc_numeric_1               0x08000149   Thumb Code     0  libinit2.o(.ARM.Collect$$libinit$$00000017)
    __rt_lib_init_lc_time_1                  0x08000149   Thumb Code     0  libinit2.o(.ARM.Collect$$libinit$$00000019)
    __rt_lib_init_preinit_1                  0x08000149   Thumb Code     0  libinit2.o(.ARM.Collect$$libinit$$00000004)
    __rt_lib_init_rand_1                     0x08000149   Thumb Code     0  libinit2.o(.ARM.Collect$$libinit$$0000000E)
    __rt_lib_init_return                     0x08000149   Thumb Code     0  libinit2.o(.ARM.Collect$$libinit$$00000033)
    __rt_lib_init_signal_1                   0x08000149   Thumb Code     0  libinit2.o(.ARM.Collect$$libinit$$0000001D)
    __rt_lib_init_stdio_1                    0x08000149   Thumb Code     0  libinit2.o(.ARM.Collect$$libinit$$00000025)
    __rt_lib_init_user_alloc_1               0x08000149   Thumb Code     0  libinit2.o(.ARM.Collect$$libinit$$0000000C)
    __rt_lib_shutdown                        0x0800014b   Thumb Code     0  libshutdown.o(.ARM.Collect$$libshutdown$$00000000)
    __rt_lib_shutdown_fp_trap_1              0x0800014d   Thumb Code     0  libshutdown2.o(.ARM.Collect$$libshutdown$$00000006)
    __rt_lib_shutdown_heap_1                 0x0800014d   Thumb Code     0  libshutdown2.o(.ARM.Collect$$libshutdown$$0000000E)
    __rt_lib_shutdown_return                 0x0800014d   Thumb Code     0  libshutdown2.o(.ARM.Collect$$libshutdown$$0000000F)
    __rt_lib_shutdown_signal_1               0x0800014d   Thumb Code     0  libshutdown2.o(.ARM.Collect$$libshutdown$$00000009)
    __rt_lib_shutdown_stdio_1                0x0800014d   Thumb Code     0  libshutdown2.o(.ARM.Collect$$libshutdown$$00000003)
    __rt_lib_shutdown_user_alloc_1           0x0800014d   Thumb Code     0  libshutdown2.o(.ARM.Collect$$libshutdown$$0000000B)
    __rt_entry                               0x0800014f   Thumb Code     0  __rtentry.o(.ARM.Collect$$rtentry$$00000000)
    __rt_entry_presh_1                       0x0800014f   Thumb Code     0  __rtentry2.o(.ARM.Collect$$rtentry$$00000002)
    __rt_entry_sh                            0x0800014f   Thumb Code     0  __rtentry4.o(.ARM.Collect$$rtentry$$00000004)
    __rt_entry_li                            0x08000155   Thumb Code     0  __rtentry2.o(.ARM.Collect$$rtentry$$0000000A)
    __rt_entry_postsh_1                      0x08000155   Thumb Code     0  __rtentry2.o(.ARM.Collect$$rtentry$$00000009)
    __rt_entry_main                          0x08000159   Thumb Code     0  __rtentry2.o(.ARM.Collect$$rtentry$$0000000D)
    __rt_entry_postli_1                      0x08000159   Thumb Code     0  __rtentry2.o(.ARM.Collect$$rtentry$$0000000C)
    __rt_exit                                0x08000161   Thumb Code     0  rtexit.o(.ARM.Collect$$rtexit$$00000000)
    __rt_exit_ls                             0x08000163   Thumb Code     0  rtexit2.o(.ARM.Collect$$rtexit$$00000003)
    __rt_exit_prels_1                        0x08000163   Thumb Code     0  rtexit2.o(.ARM.Collect$$rtexit$$00000002)
    __rt_exit_exit                           0x08000167   Thumb Code     0  rtexit2.o(.ARM.Collect$$rtexit$$00000004)
    usart1_input_byte                        0x0800016d   Thumb Code    12  main.o(.text)
    ALL_Config                               0x08000179   Thumb Code    36  main.o(.text)
    main                                     0x0800019d   Thumb Code    80  main.o(.text)
    GPIO_DeInit                              0x08000245   Thumb Code   132  stm32f0xx_gpio.o(.text)
    GPIO_Init                                0x080002c9   Thumb Code   144  stm32f0xx_gpio.o(.text)
    GPIO_StructInit                          0x08000359   Thumb Code    20  stm32f0xx_gpio.o(.text)
    GPIO_PinLockConfig                       0x0800036d   Thumb Code    34  stm32f0xx_gpio.o(.text)
    GPIO_ReadInputDataBit                    0x0800038f   Thumb Code    20  stm32f0xx_gpio.o(.text)
    GPIO_ReadInputData                       0x080003a3   Thumb Code     6  stm32f0xx_gpio.o(.text)
    GPIO_ReadOutputDataBit                   0x080003a9   Thumb Code    20  stm32f0xx_gpio.o(.text)
    GPIO_ReadOutputData                      0x080003bd   Thumb Code     6  stm32f0xx_gpio.o(.text)
    GPIO_SetBits                             0x080003c3   Thumb Code     4  stm32f0xx_gpio.o(.text)
    GPIO_ResetBits                           0x080003c7   Thumb Code     4  stm32f0xx_gpio.o(.text)
    GPIO_WriteBit                            0x080003cb   Thumb Code    12  stm32f0xx_gpio.o(.text)
    GPIO_Write                               0x080003d7   Thumb Code     4  stm32f0xx_gpio.o(.text)
    GPIO_PinAFConfig                         0x080003db   Thumb Code    68  stm32f0xx_gpio.o(.text)
    RCC_DeInit                               0x08000435   Thumb Code   104  stm32f0xx_rcc.o(.text)
    RCC_HSEConfig                            0x0800049d   Thumb Code    12  stm32f0xx_rcc.o(.text)
    RCC_GetFlagStatus                        0x080004a9   Thumb Code    68  stm32f0xx_rcc.o(.text)
    RCC_WaitForHSEStartUp                    0x080004ed   Thumb Code    60  stm32f0xx_rcc.o(.text)
    RCC_AdjustHSICalibrationValue            0x08000529   Thumb Code    26  stm32f0xx_rcc.o(.text)
    RCC_HSICmd                               0x08000543   Thumb Code    32  stm32f0xx_rcc.o(.text)
    RCC_AdjustHSI14CalibrationValue          0x08000563   Thumb Code    26  stm32f0xx_rcc.o(.text)
    RCC_HSI14Cmd                             0x0800057d   Thumb Code    32  stm32f0xx_rcc.o(.text)
    RCC_HSI14ADCRequestCmd                   0x0800059d   Thumb Code    32  stm32f0xx_rcc.o(.text)
    RCC_LSEConfig                            0x080005bd   Thumb Code    34  stm32f0xx_rcc.o(.text)
    RCC_LSEDriveConfig                       0x080005df   Thumb Code    22  stm32f0xx_rcc.o(.text)
    RCC_LSICmd                               0x080005f5   Thumb Code    32  stm32f0xx_rcc.o(.text)
    RCC_PLLConfig                            0x08000615   Thumb Code    30  stm32f0xx_rcc.o(.text)
    RCC_PLLCmd                               0x08000633   Thumb Code    36  stm32f0xx_rcc.o(.text)
    RCC_PREDIV1Config                        0x08000657   Thumb Code    24  stm32f0xx_rcc.o(.text)
    RCC_ClockSecuritySystemCmd               0x0800066f   Thumb Code    36  stm32f0xx_rcc.o(.text)
    RCC_MCOConfig                            0x08000693   Thumb Code     6  stm32f0xx_rcc.o(.text)
    RCC_SYSCLKConfig                         0x08000699   Thumb Code    24  stm32f0xx_rcc.o(.text)
    RCC_GetSYSCLKSource                      0x080006b1   Thumb Code    10  stm32f0xx_rcc.o(.text)
    RCC_HCLKConfig                           0x080006bb   Thumb Code    28  stm32f0xx_rcc.o(.text)
    RCC_PCLKConfig                           0x080006d7   Thumb Code    30  stm32f0xx_rcc.o(.text)
    RCC_ADCCLKConfig                         0x080006f5   Thumb Code    52  stm32f0xx_rcc.o(.text)
    RCC_CECCLKConfig                         0x08000729   Thumb Code    22  stm32f0xx_rcc.o(.text)
    RCC_I2CCLKConfig                         0x0800073f   Thumb Code    22  stm32f0xx_rcc.o(.text)
    RCC_USARTCLKConfig                       0x08000755   Thumb Code    22  stm32f0xx_rcc.o(.text)
    RCC_GetClocksFreq                        0x0800076b   Thumb Code   368  stm32f0xx_rcc.o(.text)
    RCC_RTCCLKConfig                         0x080008db   Thumb Code    12  stm32f0xx_rcc.o(.text)
    RCC_RTCCLKCmd                            0x080008e7   Thumb Code    36  stm32f0xx_rcc.o(.text)
    RCC_BackupResetCmd                       0x0800090b   Thumb Code    36  stm32f0xx_rcc.o(.text)
    RCC_AHBPeriphClockCmd                    0x0800092f   Thumb Code    28  stm32f0xx_rcc.o(.text)
    RCC_APB2PeriphClockCmd                   0x0800094b   Thumb Code    28  stm32f0xx_rcc.o(.text)
    RCC_APB1PeriphClockCmd                   0x08000967   Thumb Code    28  stm32f0xx_rcc.o(.text)
    RCC_AHBPeriphResetCmd                    0x08000983   Thumb Code    28  stm32f0xx_rcc.o(.text)
    RCC_APB2PeriphResetCmd                   0x0800099f   Thumb Code    28  stm32f0xx_rcc.o(.text)
    RCC_APB1PeriphResetCmd                   0x080009bb   Thumb Code    28  stm32f0xx_rcc.o(.text)
    RCC_ITConfig                             0x080009d7   Thumb Code    28  stm32f0xx_rcc.o(.text)
    RCC_ClearFlag                            0x080009f3   Thumb Code    16  stm32f0xx_rcc.o(.text)
    RCC_GetITStatus                          0x08000a03   Thumb Code    22  stm32f0xx_rcc.o(.text)
    RCC_ClearITPendingBit                    0x08000a19   Thumb Code     6  stm32f0xx_rcc.o(.text)
    ADC_DeInit                               0x08000a2d   Thumb Code    28  stm32f0xx_adc.o(.text)
    ADC_Init                                 0x08000a49   Thumb Code    40  stm32f0xx_adc.o(.text)
    ADC_StructInit                           0x08000a71   Thumb Code    16  stm32f0xx_adc.o(.text)
    ADC_Cmd                                  0x08000a81   Thumb Code    24  stm32f0xx_adc.o(.text)
    ADC_JitterCmd                            0x08000a99   Thumb Code    20  stm32f0xx_adc.o(.text)
    ADC_AutoPowerOffCmd                      0x08000aad   Thumb Code    28  stm32f0xx_adc.o(.text)
    ADC_WaitModeCmd                          0x08000ac9   Thumb Code    28  stm32f0xx_adc.o(.text)
    ADC_AnalogWatchdogCmd                    0x08000ae5   Thumb Code    28  stm32f0xx_adc.o(.text)
    ADC_AnalogWatchdogThresholdsConfig       0x08000b01   Thumb Code     8  stm32f0xx_adc.o(.text)
    ADC_AnalogWatchdogSingleChannelConfig    0x08000b09   Thumb Code    28  stm32f0xx_adc.o(.text)
    ADC_AnalogWatchdogSingleChannelCmd       0x08000b25   Thumb Code    28  stm32f0xx_adc.o(.text)
    ADC_TempSensorCmd                        0x08000b41   Thumb Code    36  stm32f0xx_adc.o(.text)
    ADC_VrefintCmd                           0x08000b65   Thumb Code    36  stm32f0xx_adc.o(.text)
    ADC_VbatCmd                              0x08000b89   Thumb Code    36  stm32f0xx_adc.o(.text)
    ADC_ChannelConfig                        0x08000bad   Thumb Code    24  stm32f0xx_adc.o(.text)
    ADC_ContinuousModeCmd                    0x08000bc5   Thumb Code    28  stm32f0xx_adc.o(.text)
    ADC_DiscModeCmd                          0x08000be1   Thumb Code    28  stm32f0xx_adc.o(.text)
    ADC_OverrunModeCmd                       0x08000bfd   Thumb Code    28  stm32f0xx_adc.o(.text)
    ADC_GetCalibrationFactor                 0x08000c19   Thumb Code    60  stm32f0xx_adc.o(.text)
    ADC_StopOfConversion                     0x08000c55   Thumb Code    10  stm32f0xx_adc.o(.text)
    ADC_StartOfConversion                    0x08000c5f   Thumb Code    10  stm32f0xx_adc.o(.text)
    ADC_GetConversionValue                   0x08000c69   Thumb Code     8  stm32f0xx_adc.o(.text)
    ADC_DMACmd                               0x08000c71   Thumb Code    24  stm32f0xx_adc.o(.text)
    ADC_DMARequestModeConfig                 0x08000c89   Thumb Code    16  stm32f0xx_adc.o(.text)
    ADC_ITConfig                             0x08000c99   Thumb Code    20  stm32f0xx_adc.o(.text)
    ADC_GetFlagStatus                        0x08000cad   Thumb Code    48  stm32f0xx_adc.o(.text)
    ADC_ClearFlag                            0x08000cdd   Thumb Code     4  stm32f0xx_adc.o(.text)
    ADC_GetITStatus                          0x08000ce1   Thumb Code    34  stm32f0xx_adc.o(.text)
    ADC_ClearITPendingBit                    0x08000d03   Thumb Code     4  stm32f0xx_adc.o(.text)
    DMA_DeInit                               0x08000d15   Thumb Code   152  stm32f0xx_dma.o(.text)
    DMA_Init                                 0x08000dad   Thumb Code    58  stm32f0xx_dma.o(.text)
    DMA_StructInit                           0x08000de7   Thumb Code    26  stm32f0xx_dma.o(.text)
    DMA_Cmd                                  0x08000e01   Thumb Code    24  stm32f0xx_dma.o(.text)
    DMA_SetCurrDataCounter                   0x08000e19   Thumb Code     4  stm32f0xx_dma.o(.text)
    DMA_GetCurrDataCounter                   0x08000e1d   Thumb Code     8  stm32f0xx_dma.o(.text)
    DMA_ITConfig                             0x08000e25   Thumb Code    20  stm32f0xx_dma.o(.text)
    DMA_GetFlagStatus                        0x08000e39   Thumb Code    24  stm32f0xx_dma.o(.text)
    DMA_ClearFlag                            0x08000e51   Thumb Code     8  stm32f0xx_dma.o(.text)
    DMA_GetITStatus                          0x08000e59   Thumb Code    24  stm32f0xx_dma.o(.text)
    DMA_ClearITPendingBit                    0x08000e71   Thumb Code     8  stm32f0xx_dma.o(.text)
    EXTI_DeInit                              0x08000e85   Thumb Code    20  stm32f0xx_exti.o(.text)
    EXTI_Init                                0x08000e99   Thumb Code   132  stm32f0xx_exti.o(.text)
    EXTI_StructInit                          0x08000f1d   Thumb Code    16  stm32f0xx_exti.o(.text)
    EXTI_GenerateSWInterrupt                 0x08000f2d   Thumb Code    12  stm32f0xx_exti.o(.text)
    EXTI_GetFlagStatus                       0x08000f39   Thumb Code    22  stm32f0xx_exti.o(.text)
    EXTI_ClearFlag                           0x08000f4f   Thumb Code     6  stm32f0xx_exti.o(.text)
    EXTI_GetITStatus                         0x08000f55   Thumb Code    36  stm32f0xx_exti.o(.text)
    EXTI_ClearITPendingBit                   0x08000f79   Thumb Code     6  stm32f0xx_exti.o(.text)
    NVIC_Init                                0x08000f8d   Thumb Code   106  stm32f0xx_misc.o(.text)
    NVIC_SystemLPConfig                      0x08000ff7   Thumb Code    28  stm32f0xx_misc.o(.text)
    SysTick_CLKSourceConfig                  0x08001013   Thumb Code    32  stm32f0xx_misc.o(.text)
    SYSCFG_DeInit                            0x08001041   Thumb Code    40  stm32f0xx_syscfg.o(.text)
    SYSCFG_MemoryRemapConfig                 0x08001069   Thumb Code    24  stm32f0xx_syscfg.o(.text)
    SYSCFG_DMAChannelRemapConfig             0x08001081   Thumb Code    28  stm32f0xx_syscfg.o(.text)
    SYSCFG_I2CFastModePlusConfig             0x0800109d   Thumb Code    28  stm32f0xx_syscfg.o(.text)
    SYSCFG_EXTILineConfig                    0x080010b9   Thumb Code    66  stm32f0xx_syscfg.o(.text)
    SYSCFG_BreakConfig                       0x080010fb   Thumb Code    12  stm32f0xx_syscfg.o(.text)
    SYSCFG_GetFlagStatus                     0x08001107   Thumb Code    26  stm32f0xx_syscfg.o(.text)
    SYSCFG_ClearFlag                         0x08001121   Thumb Code    12  stm32f0xx_syscfg.o(.text)
    USART_DeInit                             0x08001131   Thumb Code    56  stm32f0xx_usart.o(.text)
    USART_Init                               0x08001169   Thumb Code   234  stm32f0xx_usart.o(.text)
    USART_StructInit                         0x08001253   Thumb Code    24  stm32f0xx_usart.o(.text)
    USART_ClockInit                          0x0800126b   Thumb Code    36  stm32f0xx_usart.o(.text)
    USART_ClockStructInit                    0x0800128f   Thumb Code    12  stm32f0xx_usart.o(.text)
    USART_Cmd                                0x0800129b   Thumb Code    24  stm32f0xx_usart.o(.text)
    USART_DirectionModeCmd                   0x080012b3   Thumb Code    20  stm32f0xx_usart.o(.text)
    USART_OverSampling8Cmd                   0x080012c7   Thumb Code    28  stm32f0xx_usart.o(.text)
    USART_OneBitMethodCmd                    0x080012e3   Thumb Code    28  stm32f0xx_usart.o(.text)
    USART_MSBFirstCmd                        0x080012ff   Thumb Code    28  stm32f0xx_usart.o(.text)
    USART_DataInvCmd                         0x0800131b   Thumb Code    28  stm32f0xx_usart.o(.text)
    USART_InvPinCmd                          0x08001337   Thumb Code    20  stm32f0xx_usart.o(.text)
    USART_SWAPPinCmd                         0x0800134b   Thumb Code    28  stm32f0xx_usart.o(.text)
    USART_ReceiverTimeOutCmd                 0x08001367   Thumb Code    28  stm32f0xx_usart.o(.text)
    USART_SetReceiverTimeOut                 0x08001383   Thumb Code    16  stm32f0xx_usart.o(.text)
    USART_SetPrescaler                       0x08001393   Thumb Code    18  stm32f0xx_usart.o(.text)
    USART_STOPModeCmd                        0x080013a5   Thumb Code    24  stm32f0xx_usart.o(.text)
    USART_StopModeWakeUpSourceConfig         0x080013bd   Thumb Code    18  stm32f0xx_usart.o(.text)
    USART_AutoBaudRateCmd                    0x080013cf   Thumb Code    28  stm32f0xx_usart.o(.text)
    USART_AutoBaudRateConfig                 0x080013eb   Thumb Code    18  stm32f0xx_usart.o(.text)
    USART_AutoBaudRateNewRequest             0x080013fd   Thumb Code    12  stm32f0xx_usart.o(.text)
    USART_SendData                           0x08001409   Thumb Code     8  stm32f0xx_usart.o(.text)
    USART_ReceiveData                        0x08001411   Thumb Code    10  stm32f0xx_usart.o(.text)
    USART_SetAddress                         0x0800141b   Thumb Code    18  stm32f0xx_usart.o(.text)
    USART_MuteModeCmd                        0x0800142d   Thumb Code    28  stm32f0xx_usart.o(.text)
    USART_MuteModeWakeUpConfig               0x08001449   Thumb Code    18  stm32f0xx_usart.o(.text)
    USART_AddressDetectionConfig             0x0800145b   Thumb Code    16  stm32f0xx_usart.o(.text)
    USART_LINBreakDetectLengthConfig         0x0800146b   Thumb Code    16  stm32f0xx_usart.o(.text)
    USART_LINCmd                             0x0800147b   Thumb Code    28  stm32f0xx_usart.o(.text)
    USART_HalfDuplexCmd                      0x08001497   Thumb Code    24  stm32f0xx_usart.o(.text)
    USART_SetGuardTime                       0x080014af   Thumb Code    16  stm32f0xx_usart.o(.text)
    USART_SmartCardCmd                       0x080014bf   Thumb Code    24  stm32f0xx_usart.o(.text)
    USART_SmartCardNACKCmd                   0x080014d7   Thumb Code    24  stm32f0xx_usart.o(.text)
    USART_SetAutoRetryCount                  0x080014ef   Thumb Code    20  stm32f0xx_usart.o(.text)
    USART_SetBlockLength                     0x08001503   Thumb Code    30  stm32f0xx_usart.o(.text)
    USART_IrDAConfig                         0x08001521   Thumb Code    16  stm32f0xx_usart.o(.text)
    USART_IrDACmd                            0x08001531   Thumb Code    24  stm32f0xx_usart.o(.text)
    USART_DECmd                              0x08001549   Thumb Code    28  stm32f0xx_usart.o(.text)
    USART_DEPolarityConfig                   0x08001565   Thumb Code    18  stm32f0xx_usart.o(.text)
    USART_SetDEAssertionTime                 0x08001577   Thumb Code    20  stm32f0xx_usart.o(.text)
    USART_SetDEDeassertionTime               0x0800158b   Thumb Code    20  stm32f0xx_usart.o(.text)
    USART_DMACmd                             0x0800159f   Thumb Code    20  stm32f0xx_usart.o(.text)
    USART_DMAReceptionErrorConfig            0x080015b3   Thumb Code    18  stm32f0xx_usart.o(.text)
    USART_ITConfig                           0x080015c5   Thumb Code    66  stm32f0xx_usart.o(.text)
    USART_RequestCmd                         0x08001607   Thumb Code    20  stm32f0xx_usart.o(.text)
    USART_OverrunDetectionConfig             0x0800161b   Thumb Code    18  stm32f0xx_usart.o(.text)
    USART_GetFlagStatus                      0x0800162d   Thumb Code    20  stm32f0xx_usart.o(.text)
    USART_ClearFlag                          0x08001641   Thumb Code     4  stm32f0xx_usart.o(.text)
    USART_GetITStatus                        0x08001645   Thumb Code    78  stm32f0xx_usart.o(.text)
    USART_ClearITPendingBit                  0x08001693   Thumb Code    18  stm32f0xx_usart.o(.text)
    LED_Init                                 0x080016a5   Thumb Code    38  led.o(.text)
    LED_ON                                   0x080016cb   Thumb Code    14  led.o(.text)
    LED_OFF                                  0x080016d9   Thumb Code    14  led.o(.text)
    delay_ms                                 0x080016e9   Thumb Code    58  delay.o(.text)
    Delay_Init                               0x08001723   Thumb Code    54  delay.o(.text)
    delay_us                                 0x08001759   Thumb Code    58  delay.o(.text)
    _sys_exit                                0x080017a1   Thumb Code     4  usart1.o(.text)
    fputc                                    0x080017a5   Thumb Code    22  usart1.o(.text)
    USART1_Init                              0x080017bb   Thumb Code   144  usart1.o(.text)
    USART1_set_input_byte_callback           0x0800184b   Thumb Code     6  usart1.o(.text)
    USART1_write                             0x08001851   Thumb Code    30  usart1.o(.text)
    USART1_IRQHandler                        0x0800186f   Thumb Code    54  usart1.o(.text)
    KEY_Init                                 0x080018b1   Thumb Code    36  key.o(.text)
    KEY_EXTI_Init                            0x080018d5   Thumb Code   106  key.o(.text)
    EXTI4_15_IRQHandler                      0x0800193f   Thumb Code    26  key.o(.text)
    ADC1_DMA_Init                            0x08001975   Thumb Code   278  adc1.o(.text)
    Reset_Handler                            0x08001a9d   Thumb Code     8  startup_stm32f0xx_ld.o(.text)
    NMI_Handler                              0x08001aa5   Thumb Code     2  startup_stm32f0xx_ld.o(.text)
    HardFault_Handler                        0x08001aa7   Thumb Code     2  startup_stm32f0xx_ld.o(.text)
    SVC_Handler                              0x08001aa9   Thumb Code     2  startup_stm32f0xx_ld.o(.text)
    PendSV_Handler                           0x08001aab   Thumb Code     2  startup_stm32f0xx_ld.o(.text)
    SysTick_Handler                          0x08001aad   Thumb Code     2  startup_stm32f0xx_ld.o(.text)
    ADC1_IRQHandler                          0x08001aaf   Thumb Code     0  startup_stm32f0xx_ld.o(.text)
    DMA1_Channel1_IRQHandler                 0x08001aaf   Thumb Code     0  startup_stm32f0xx_ld.o(.text)
    DMA1_Channel2_3_IRQHandler               0x08001aaf   Thumb Code     0  startup_stm32f0xx_ld.o(.text)
    DMA1_Channel4_5_IRQHandler               0x08001aaf   Thumb Code     0  startup_stm32f0xx_ld.o(.text)
    EXTI0_1_IRQHandler                       0x08001aaf   Thumb Code     0  startup_stm32f0xx_ld.o(.text)
    EXTI2_3_IRQHandler                       0x08001aaf   Thumb Code     0  startup_stm32f0xx_ld.o(.text)
    FLASH_IRQHandler                         0x08001aaf   Thumb Code     0  startup_stm32f0xx_ld.o(.text)
    I2C1_IRQHandler                          0x08001aaf   Thumb Code     0  startup_stm32f0xx_ld.o(.text)
    PVD_IRQHandler                           0x08001aaf   Thumb Code     0  startup_stm32f0xx_ld.o(.text)
    RCC_IRQHandler                           0x08001aaf   Thumb Code     0  startup_stm32f0xx_ld.o(.text)
    RTC_IRQHandler                           0x08001aaf   Thumb Code     0  startup_stm32f0xx_ld.o(.text)
    SPI1_IRQHandler                          0x08001aaf   Thumb Code     0  startup_stm32f0xx_ld.o(.text)
    TIM14_IRQHandler                         0x08001aaf   Thumb Code     0  startup_stm32f0xx_ld.o(.text)
    TIM16_IRQHandler                         0x08001aaf   Thumb Code     0  startup_stm32f0xx_ld.o(.text)
    TIM17_IRQHandler                         0x08001aaf   Thumb Code     0  startup_stm32f0xx_ld.o(.text)
    TIM1_BRK_UP_TRG_COM_IRQHandler           0x08001aaf   Thumb Code     0  startup_stm32f0xx_ld.o(.text)
    TIM1_CC_IRQHandler                       0x08001aaf   Thumb Code     0  startup_stm32f0xx_ld.o(.text)
    TIM2_IRQHandler                          0x08001aaf   Thumb Code     0  startup_stm32f0xx_ld.o(.text)
    TIM3_IRQHandler                          0x08001aaf   Thumb Code     0  startup_stm32f0xx_ld.o(.text)
    WWDG_IRQHandler                          0x08001aaf   Thumb Code     0  startup_stm32f0xx_ld.o(.text)
    __user_initial_stackheap                 0x08001ab1   Thumb Code     0  startup_stm32f0xx_ld.o(.text)
    SystemInit                               0x08001bb5   Thumb Code   110  system_stm32f0xx.o(.text)
    SystemCoreClockUpdate                    0x08001c23   Thumb Code   154  system_stm32f0xx.o(.text)
    __use_no_semihosting                     0x08001cdd   Thumb Code     2  use_no_semi_2.o(.text)
    __2printf                                0x08001ce1   Thumb Code    22  noretval__2printf.o(.text)
    __printf                                 0x08001cfd   Thumb Code   108  __printf.o(.text)
    _printf_int_dec                          0x08001d69   Thumb Code    90  _printf_dec.o(.text)
    _printf_int_hex                          0x08001dd5   Thumb Code    84  _printf_hex_int.o(.text)
    _printf_longlong_hex                     0x08001dd5   Thumb Code     0  _printf_hex_int.o(.text)
    __aeabi_uidiv                            0x08001e2d   Thumb Code     0  aeabi_sdiv.o(.text)
    __aeabi_uidivmod                         0x08001e2d   Thumb Code    20  aeabi_sdiv.o(.text)
    __aeabi_idiv                             0x08001e41   Thumb Code     0  aeabi_sdiv.o(.text)
    __aeabi_idivmod                          0x08001e41   Thumb Code   326  aeabi_sdiv.o(.text)
    __use_two_region_memory                  0x08001f87   Thumb Code     2  heapauxi.o(.text)
    __rt_heap_escrow$2region                 0x08001f89   Thumb Code     2  heapauxi.o(.text)
    __rt_heap_expand$2region                 0x08001f8b   Thumb Code     2  heapauxi.o(.text)
    __I$use$semihosting                      0x08001f8d   Thumb Code     0  use_no_semi.o(.text)
    __use_no_semihosting_swi                 0x08001f8d   Thumb Code     2  use_no_semi.o(.text)
    _printf_int_common                       0x08001f8f   Thumb Code   176  _printf_intcommon.o(.text)
    _printf_char_file                        0x08002041   Thumb Code    34  _printf_char_file.o(.text)
    __rt_udiv10                              0x08002069   Thumb Code    40  rtudiv10.o(.text)
    _printf_char_common                      0x0800209b   Thumb Code    32  _printf_char_common.o(.text)
    ferror                                   0x080020c1   Thumb Code     8  ferror.o(.text)
    __user_setup_stackheap                   0x080020c9   Thumb Code    62  sys_stackheap_outer.o(.text)
    exit                                     0x08002107   Thumb Code    12  exit.o(.text)
    __user_libspace                          0x08002115   Thumb Code     8  libspace.o(.text)
    __user_perproc_libspace                  0x08002115   Thumb Code     0  libspace.o(.text)
    __user_perthread_libspace                0x08002115   Thumb Code     0  libspace.o(.text)
    Region$$Table$$Base                      0x08002144   Number         0  anon$$obj.o(Region$$Table)
    Region$$Table$$Limit                     0x08002164   Number         0  anon$$obj.o(Region$$Table)
    fac_ms                                   0x20000010   Data           2  delay.o(.data)
    fac_us                                   0x20000012   Data           1  delay.o(.data)
    __stdout                                 0x20000014   Data           4  usart1.o(.data)
    TempSensVoltmv                           0x2000001c   Data           4  adc1.o(.data)
    VrefIntVoltmv                            0x20000020   Data           4  adc1.o(.data)
    PC3Voltmv                                0x20000024   Data           4  adc1.o(.data)
    VbatVoltmv                               0x20000028   Data           4  adc1.o(.data)
    RegularConvData_Tab                      0x2000002c   Data           8  adc1.o(.data)
    SystemCoreClock                          0x20000034   Data           4  system_stm32f0xx.o(.data)
    AHBPrescTable                            0x20000038   Data          16  system_stm32f0xx.o(.data)
    __libspace_start                         0x20000048   Data          96  libspace.o(.bss)
    __temporary_stack_top$libspace           0x200000a8   Data           0  libspace.o(.bss)



==============================================================================

Memory Map of the image

  Image Entry point : 0x080000b1

  Load Region LR_IROM1 (Base: 0x08000000, Size: 0x000021ac, Max: 0x00004000, ABSOLUTE)

    Execution Region ER_IROM1 (Base: 0x08000000, Size: 0x00002164, Max: 0x00004000, ABSOLUTE)

    Base Addr    Size         Type   Attr      Idx    E Section Name        Object

    0x08000000   0x000000b0   Data   RO          428    RESET               startup_stm32f0xx_ld.o
    0x080000b0   0x00000008   Code   RO          521  * !!!main             c_p.l(__main.o)
    0x080000b8   0x0000003c   Code   RO          702    !!!scatter          c_p.l(__scatter.o)
    0x080000f4   0x0000001a   Code   RO          704    !!handler_copy      c_p.l(__scatter_copy.o)
    0x0800010e   0x00000002   PAD
    0x08000110   0x0000001c   Code   RO          706    !!handler_zi        c_p.l(__scatter_zi.o)
    0x0800012c   0x00000002   Code   RO          514    .ARM.Collect$$_printf_percent$$00000000  c_p.l(_printf_percent.o)
    0x0800012e   0x0000000a   Code   RO          513    .ARM.Collect$$_printf_percent$$00000009  c_p.l(_printf_d.o)
    0x08000138   0x0000000a   Code   RO          512    .ARM.Collect$$_printf_percent$$0000000C  c_p.l(_printf_x.o)
    0x08000142   0x00000004   Code   RO          534    .ARM.Collect$$_printf_percent$$00000017  c_p.l(_printf_percent_end.o)
    0x08000146   0x00000002   Code   RO          576    .ARM.Collect$$libinit$$00000000  c_p.l(libinit.o)
    0x08000148   0x00000000   Code   RO          590    .ARM.Collect$$libinit$$00000002  c_p.l(libinit2.o)
    0x08000148   0x00000000   Code   RO          592    .ARM.Collect$$libinit$$00000004  c_p.l(libinit2.o)
    0x08000148   0x00000000   Code   RO          595    .ARM.Collect$$libinit$$0000000A  c_p.l(libinit2.o)
    0x08000148   0x00000000   Code   RO          597    .ARM.Collect$$libinit$$0000000C  c_p.l(libinit2.o)
    0x08000148   0x00000000   Code   RO          599    .ARM.Collect$$libinit$$0000000E  c_p.l(libinit2.o)
    0x08000148   0x00000000   Code   RO          602    .ARM.Collect$$libinit$$00000011  c_p.l(libinit2.o)
    0x08000148   0x00000000   Code   RO          604    .ARM.Collect$$libinit$$00000013  c_p.l(libinit2.o)
    0x08000148   0x00000000   Code   RO          606    .ARM.Collect$$libinit$$00000015  c_p.l(libinit2.o)
    0x08000148   0x00000000   Code   RO          608    .ARM.Collect$$libinit$$00000017  c_p.l(libinit2.o)
    0x08000148   0x00000000   Code   RO          610    .ARM.Collect$$libinit$$00000019  c_p.l(libinit2.o)
    0x08000148   0x00000000   Code   RO          612    .ARM.Collect$$libinit$$0000001B  c_p.l(libinit2.o)
    0x08000148   0x00000000   Code   RO          614    .ARM.Collect$$libinit$$0000001D  c_p.l(libinit2.o)
    0x08000148   0x00000000   Code   RO          616    .ARM.Collect$$libinit$$0000001F  c_p.l(libinit2.o)
    0x08000148   0x00000000   Code   RO          618    .ARM.Collect$$libinit$$00000021  c_p.l(libinit2.o)
    0x08000148   0x00000000   Code   RO          620    .ARM.Collect$$libinit$$00000023  c_p.l(libinit2.o)
    0x08000148   0x00000000   Code   RO          622    .ARM.Collect$$libinit$$00000025  c_p.l(libinit2.o)
    0x08000148   0x00000000   Code   RO          626    .ARM.Collect$$libinit$$0000002C  c_p.l(libinit2.o)
    0x08000148   0x00000000   Code   RO          628    .ARM.Collect$$libinit$$0000002E  c_p.l(libinit2.o)
    0x08000148   0x00000000   Code   RO          630    .ARM.Collect$$libinit$$00000030  c_p.l(libinit2.o)
    0x08000148   0x00000000   Code   RO          632    .ARM.Collect$$libinit$$00000032  c_p.l(libinit2.o)
    0x08000148   0x00000002   Code   RO          633    .ARM.Collect$$libinit$$00000033  c_p.l(libinit2.o)
    0x0800014a   0x00000002   Code   RO          659    .ARM.Collect$$libshutdown$$00000000  c_p.l(libshutdown.o)
    0x0800014c   0x00000000   Code   RO          687    .ARM.Collect$$libshutdown$$00000003  c_p.l(libshutdown2.o)
    0x0800014c   0x00000000   Code   RO          690    .ARM.Collect$$libshutdown$$00000006  c_p.l(libshutdown2.o)
    0x0800014c   0x00000000   Code   RO          693    .ARM.Collect$$libshutdown$$00000009  c_p.l(libshutdown2.o)
    0x0800014c   0x00000000   Code   RO          695    .ARM.Collect$$libshutdown$$0000000B  c_p.l(libshutdown2.o)
    0x0800014c   0x00000000   Code   RO          698    .ARM.Collect$$libshutdown$$0000000E  c_p.l(libshutdown2.o)
    0x0800014c   0x00000002   Code   RO          699    .ARM.Collect$$libshutdown$$0000000F  c_p.l(libshutdown2.o)
    0x0800014e   0x00000000   Code   RO          525    .ARM.Collect$$rtentry$$00000000  c_p.l(__rtentry.o)
    0x0800014e   0x00000000   Code   RO          538    .ARM.Collect$$rtentry$$00000002  c_p.l(__rtentry2.o)
    0x0800014e   0x00000006   Code   RO          550    .ARM.Collect$$rtentry$$00000004  c_p.l(__rtentry4.o)
    0x08000154   0x00000000   Code   RO          540    .ARM.Collect$$rtentry$$00000009  c_p.l(__rtentry2.o)
    0x08000154   0x00000004   Code   RO          541    .ARM.Collect$$rtentry$$0000000A  c_p.l(__rtentry2.o)
    0x08000158   0x00000000   Code   RO          543    .ARM.Collect$$rtentry$$0000000C  c_p.l(__rtentry2.o)
    0x08000158   0x00000008   Code   RO          544    .ARM.Collect$$rtentry$$0000000D  c_p.l(__rtentry2.o)
    0x08000160   0x00000002   Code   RO          581    .ARM.Collect$$rtexit$$00000000  c_p.l(rtexit.o)
    0x08000162   0x00000000   Code   RO          635    .ARM.Collect$$rtexit$$00000002  c_p.l(rtexit2.o)
    0x08000162   0x00000004   Code   RO          636    .ARM.Collect$$rtexit$$00000003  c_p.l(rtexit2.o)
    0x08000166   0x00000006   Code   RO          637    .ARM.Collect$$rtexit$$00000004  c_p.l(rtexit2.o)
    0x0800016c   0x000000d8   Code   RO            3    .text               main.o
    0x08000244   0x000001f0   Code   RO          138    .text               stm32f0xx_gpio.o
    0x08000434   0x000005f8   Code   RO          158    .text               stm32f0xx_rcc.o
    0x08000a2c   0x000002e8   Code   RO          180    .text               stm32f0xx_adc.o
    0x08000d14   0x00000170   Code   RO          200    .text               stm32f0xx_dma.o
    0x08000e84   0x00000108   Code   RO          220    .text               stm32f0xx_exti.o
    0x08000f8c   0x000000b4   Code   RO          240    .text               stm32f0xx_misc.o
    0x08001040   0x000000f0   Code   RO          260    .text               stm32f0xx_syscfg.o
    0x08001130   0x00000574   Code   RO          280    .text               stm32f0xx_usart.o
    0x080016a4   0x00000042   Code   RO          300    .text               led.o
    0x080016e6   0x00000002   PAD
    0x080016e8   0x000000b8   Code   RO          320    .text               delay.o
    0x080017a0   0x00000110   Code   RO          346    .text               usart1.o
    0x080018b0   0x000000c4   Code   RO          373    .text               key.o
    0x08001974   0x00000128   Code   RO          402    .text               adc1.o
    0x08001a9c   0x00000038   Code   RO          429    .text               startup_stm32f0xx_ld.o
    0x08001ad4   0x00000208   Code   RO          435    .text               system_stm32f0xx.o
    0x08001cdc   0x00000002   Code   RO          461    .text               c_p.l(use_no_semi_2.o)
    0x08001cde   0x00000002   PAD
    0x08001ce0   0x0000001c   Code   RO          465    .text               c_p.l(noretval__2printf.o)
    0x08001cfc   0x0000006c   Code   RO          467    .text               c_p.l(__printf.o)
    0x08001d68   0x0000006c   Code   RO          469    .text               c_p.l(_printf_dec.o)
    0x08001dd4   0x00000058   Code   RO          474    .text               c_p.l(_printf_hex_int.o)
    0x08001e2c   0x0000015a   Code   RO          515    .text               c_p.l(aeabi_sdiv.o)
    0x08001f86   0x00000006   Code   RO          519    .text               c_p.l(heapauxi.o)
    0x08001f8c   0x00000002   Code   RO          523    .text               c_p.l(use_no_semi.o)
    0x08001f8e   0x000000b0   Code   RO          530    .text               c_p.l(_printf_intcommon.o)
    0x0800203e   0x00000002   PAD
    0x08002040   0x00000028   Code   RO          532    .text               c_p.l(_printf_char_file.o)
    0x08002068   0x00000028   Code   RO          535    .text               c_p.l(rtudiv10.o)
    0x08002090   0x00000030   Code   RO          554    .text               c_p.l(_printf_char_common.o)
    0x080020c0   0x00000008   Code   RO          556    .text               c_p.l(ferror.o)
    0x080020c8   0x0000003e   Code   RO          560    .text               c_p.l(sys_stackheap_outer.o)
    0x08002106   0x0000000c   Code   RO          565    .text               c_p.l(exit.o)
    0x08002112   0x00000002   PAD
    0x08002114   0x00000008   Code   RO          577    .text               c_p.l(libspace.o)
    0x0800211c   0x00000028   Data   RO          475    .constdata          c_p.l(_printf_hex_int.o)
    0x08002144   0x00000020   Data   RO          700    Region$$Table       anon$$obj.o


    Execution Region RW_IRAM1 (Base: 0x20000000, Size: 0x000006a8, Max: 0x00001000, ABSOLUTE)

    Base Addr    Size         Type   Attr      Idx    E Section Name        Object

    0x20000000   0x00000010   Data   RW          159    .data               stm32f0xx_rcc.o
    0x20000010   0x00000003   Data   RW          321    .data               delay.o
    0x20000013   0x00000001   PAD
    0x20000014   0x00000008   Data   RW          347    .data               usart1.o
    0x2000001c   0x00000018   Data   RW          403    .data               adc1.o
    0x20000034   0x00000014   Data   RW          436    .data               system_stm32f0xx.o
    0x20000048   0x00000060   Zero   RW          578    .bss                c_p.l(libspace.o)
    0x200000a8   0x00000200   Zero   RW          427    HEAP                startup_stm32f0xx_ld.o
    0x200002a8   0x00000400   Zero   RW          426    STACK               startup_stm32f0xx_ld.o


==============================================================================

Image component sizes


      Code (inc. data)   RO Data    RW Data    ZI Data      Debug   Object Name

       296         18          0         24          0       1352   adc1.o
       184         14          0          3          0        991   delay.o
       196         28          0          0          0        865   key.o
        66          0          0          0          0        654   led.o
       216         88          0          0          0     129608   main.o
        56         26        176          0       1536        612   startup_stm32f0xx_ld.o
       744         14          0          0          0       6687   stm32f0xx_adc.o
       368         12          0          0          0       3274   stm32f0xx_dma.o
       264         14          0          0          0       2099   stm32f0xx_exti.o
       496         22          0          0          0       3525   stm32f0xx_gpio.o
       180         14          0          0          0       1216   stm32f0xx_misc.o
      1528         42          0         16          0       8294   stm32f0xx_rcc.o
       240          4          0          0          0       1938   stm32f0xx_syscfg.o
      1396         12          0          0          0      11875   stm32f0xx_usart.o
       520         32          0         20          0       1583   system_stm32f0xx.o
       272         12          0          8          0       3346   usart1.o

    ----------------------------------------------------------------------
      7024        352        208         72       1536     177919   Object Totals
         0          0         32          0          0          0   (incl. Generated)
         2          0          0          1          0          0   (incl. Padding)

    ----------------------------------------------------------------------

      Code (inc. data)   RO Data    RW Data    ZI Data      Debug   Library Member Name

         8          0          0          0          0         68   __main.o
       108          0          0          0          0         76   __printf.o
         0          0          0          0          0          0   __rtentry.o
        12          0          0          0          0          0   __rtentry2.o
         6          0          0          0          0          0   __rtentry4.o
        60          8          0          0          0          0   __scatter.o
        26          0          0          0          0          0   __scatter_copy.o
        28          0          0          0          0          0   __scatter_zi.o
        48          6          0          0          0         88   _printf_char_common.o
        40          6          0          0          0         72   _printf_char_file.o
        10          0          0          0          0          0   _printf_d.o
       108         18          0          0          0         76   _printf_dec.o
        88          4         40          0          0         72   _printf_hex_int.o
       176          0          0          0          0         84   _printf_intcommon.o
         2          0          0          0          0          0   _printf_percent.o
         4          0          0          0          0          0   _printf_percent_end.o
        10          0          0          0          0          0   _printf_x.o
       346          0          0          0          0         92   aeabi_sdiv.o
        12          0          0          0          0         64   exit.o
         8          0          0          0          0         60   ferror.o
         6          0          0          0          0        136   heapauxi.o
         2          0          0          0          0          0   libinit.o
         2          0          0          0          0          0   libinit2.o
         2          0          0          0          0          0   libshutdown.o
         2          0          0          0          0          0   libshutdown2.o
         8          4          0          0         96         68   libspace.o
        28          6          0          0          0         84   noretval__2printf.o
         2          0          0          0          0          0   rtexit.o
        10          0          0          0          0          0   rtexit2.o
        40          0          0          0          0         60   rtudiv10.o
        62          0          0          0          0         80   sys_stackheap_outer.o
         2          0          0          0          0         68   use_no_semi.o
         2          0          0          0          0         68   use_no_semi_2.o

    ----------------------------------------------------------------------
      1276         52         40          0         96       1316   Library Totals
         8          0          0          0          0          0   (incl. Padding)

    ----------------------------------------------------------------------

      Code (inc. data)   RO Data    RW Data    ZI Data      Debug   Library Name

      1268         52         40          0         96       1316   c_p.l

    ----------------------------------------------------------------------
      1276         52         40          0         96       1316   Library Totals

    ----------------------------------------------------------------------

==============================================================================


      Code (inc. data)   RO Data    RW Data    ZI Data      Debug   

      8300        404        248         72       1632     177367   Grand Totals
      8300        404        248         72       1632     177367   ELF Image Totals
      8300        404        248         72          0          0   ROM Totals

==============================================================================

    Total RO  Size (Code + RO Data)                 8548 (   8.35kB)
    Total RW  Size (RW Data + ZI Data)              1704 (   1.66kB)
    Total ROM Size (Code + RO Data + RW Data)       8620 (   8.42kB)

==============================================================================

